Archive member included to satisfy reference by file (symbol)

C:/ST/STM32CubeIDE_1.18.1/STM32CubeIDE/plugins/com.st.stm32cube.ide.mcu.externaltools.gnu-tools-for-stm32.13.3.rel1.win32_1.0.100.202509120712/tools/bin/../lib/gcc/arm-none-eabi/13.3.1/../../../../arm-none-eabi/lib/thumb/v6-m/nofp\libc_nano.a(libc_a-atoi.o)
                              ./Core/Src/GSM.o (atoi)
C:/ST/STM32CubeIDE_1.18.1/STM32CubeIDE/plugins/com.st.stm32cube.ide.mcu.externaltools.gnu-tools-for-stm32.13.3.rel1.win32_1.0.100.202509120712/tools/bin/../lib/gcc/arm-none-eabi/13.3.1/../../../../arm-none-eabi/lib/thumb/v6-m/nofp\libc_nano.a(libc_a-exit.o)
                              C:/ST/STM32CubeIDE_1.18.1/STM32CubeIDE/plugins/com.st.stm32cube.ide.mcu.externaltools.gnu-tools-for-stm32.13.3.rel1.win32_1.0.100.202509120712/tools/bin/../lib/gcc/arm-none-eabi/13.3.1/../../../../arm-none-eabi/lib/thumb/v6-m/nofp/crt0.o (exit)
C:/ST/STM32CubeIDE_1.18.1/STM32CubeIDE/plugins/com.st.stm32cube.ide.mcu.externaltools.gnu-tools-for-stm32.13.3.rel1.win32_1.0.100.202509120712/tools/bin/../lib/gcc/arm-none-eabi/13.3.1/../../../../arm-none-eabi/lib/thumb/v6-m/nofp\libc_nano.a(libc_a-strtol.o)
                              C:/ST/STM32CubeIDE_1.18.1/STM32CubeIDE/plugins/com.st.stm32cube.ide.mcu.externaltools.gnu-tools-for-stm32.13.3.rel1.win32_1.0.100.202509120712/tools/bin/../lib/gcc/arm-none-eabi/13.3.1/../../../../arm-none-eabi/lib/thumb/v6-m/nofp\libc_nano.a(libc_a-atoi.o) (_strtol_r)
C:/ST/STM32CubeIDE_1.18.1/STM32CubeIDE/plugins/com.st.stm32cube.ide.mcu.externaltools.gnu-tools-for-stm32.13.3.rel1.win32_1.0.100.202509120712/tools/bin/../lib/gcc/arm-none-eabi/13.3.1/../../../../arm-none-eabi/lib/thumb/v6-m/nofp\libc_nano.a(libc_a-ctype_.o)
                              C:/ST/STM32CubeIDE_1.18.1/STM32CubeIDE/plugins/com.st.stm32cube.ide.mcu.externaltools.gnu-tools-for-stm32.13.3.rel1.win32_1.0.100.202509120712/tools/bin/../lib/gcc/arm-none-eabi/13.3.1/../../../../arm-none-eabi/lib/thumb/v6-m/nofp\libc_nano.a(libc_a-strtol.o) (_ctype_)
C:/ST/STM32CubeIDE_1.18.1/STM32CubeIDE/plugins/com.st.stm32cube.ide.mcu.externaltools.gnu-tools-for-stm32.13.3.rel1.win32_1.0.100.202509120712/tools/bin/../lib/gcc/arm-none-eabi/13.3.1/../../../../arm-none-eabi/lib/thumb/v6-m/nofp\libc_nano.a(libc_a-findfp.o)
                              C:/ST/STM32CubeIDE_1.18.1/STM32CubeIDE/plugins/com.st.stm32cube.ide.mcu.externaltools.gnu-tools-for-stm32.13.3.rel1.win32_1.0.100.202509120712/tools/bin/../lib/gcc/arm-none-eabi/13.3.1/../../../../arm-none-eabi/lib/thumb/v6-m/nofp\libc_nano.a(libc_a-exit.o) (__stdio_exit_handler)
C:/ST/STM32CubeIDE_1.18.1/STM32CubeIDE/plugins/com.st.stm32cube.ide.mcu.externaltools.gnu-tools-for-stm32.13.3.rel1.win32_1.0.100.202509120712/tools/bin/../lib/gcc/arm-none-eabi/13.3.1/../../../../arm-none-eabi/lib/thumb/v6-m/nofp\libc_nano.a(libc_a-fwalk.o)
                              C:/ST/STM32CubeIDE_1.18.1/STM32CubeIDE/plugins/com.st.stm32cube.ide.mcu.externaltools.gnu-tools-for-stm32.13.3.rel1.win32_1.0.100.202509120712/tools/bin/../lib/gcc/arm-none-eabi/13.3.1/../../../../arm-none-eabi/lib/thumb/v6-m/nofp\libc_nano.a(libc_a-findfp.o) (_fwalk_sglue)
C:/ST/STM32CubeIDE_1.18.1/STM32CubeIDE/plugins/com.st.stm32cube.ide.mcu.externaltools.gnu-tools-for-stm32.13.3.rel1.win32_1.0.100.202509120712/tools/bin/../lib/gcc/arm-none-eabi/13.3.1/../../../../arm-none-eabi/lib/thumb/v6-m/nofp\libc_nano.a(libc_a-sprintf.o)
                              ./Core/Src/GSM.o (sprintf)
C:/ST/STM32CubeIDE_1.18.1/STM32CubeIDE/plugins/com.st.stm32cube.ide.mcu.externaltools.gnu-tools-for-stm32.13.3.rel1.win32_1.0.100.202509120712/tools/bin/../lib/gcc/arm-none-eabi/13.3.1/../../../../arm-none-eabi/lib/thumb/v6-m/nofp\libc_nano.a(libc_a-stdio.o)
                              C:/ST/STM32CubeIDE_1.18.1/STM32CubeIDE/plugins/com.st.stm32cube.ide.mcu.externaltools.gnu-tools-for-stm32.13.3.rel1.win32_1.0.100.202509120712/tools/bin/../lib/gcc/arm-none-eabi/13.3.1/../../../../arm-none-eabi/lib/thumb/v6-m/nofp\libc_nano.a(libc_a-findfp.o) (__sread)
C:/ST/STM32CubeIDE_1.18.1/STM32CubeIDE/plugins/com.st.stm32cube.ide.mcu.externaltools.gnu-tools-for-stm32.13.3.rel1.win32_1.0.100.202509120712/tools/bin/../lib/gcc/arm-none-eabi/13.3.1/../../../../arm-none-eabi/lib/thumb/v6-m/nofp\libc_nano.a(libc_a-memset.o)
                              C:/ST/STM32CubeIDE_1.18.1/STM32CubeIDE/plugins/com.st.stm32cube.ide.mcu.externaltools.gnu-tools-for-stm32.13.3.rel1.win32_1.0.100.202509120712/tools/bin/../lib/gcc/arm-none-eabi/13.3.1/../../../../arm-none-eabi/lib/thumb/v6-m/nofp/crt0.o (memset)
C:/ST/STM32CubeIDE_1.18.1/STM32CubeIDE/plugins/com.st.stm32cube.ide.mcu.externaltools.gnu-tools-for-stm32.13.3.rel1.win32_1.0.100.202509120712/tools/bin/../lib/gcc/arm-none-eabi/13.3.1/../../../../arm-none-eabi/lib/thumb/v6-m/nofp\libc_nano.a(libc_a-strchr.o)
                              ./Core/Src/GPS.o (strchr)
[...]
Memory Configuration

Name             Origin             Length             Attributes
RAM              0x20000000         0x00009000         xrw
FLASH            0x08000000         0x00020000         xr
*default*        0x00000000         0xffffffff

Linker script and memory map

LOAD C:/ST/STM32CubeIDE_1.18.1/STM32CubeIDE/plugins/com.st.stm32cube.ide.mcu.externaltools.gnu-tools-for-stm32.13.3.rel1.win32_1.0.100.202509120712/tools/bin/../lib/gcc/arm-none-eabi/13.3.1/thumb/v6-m/nofp/crti.o
LOAD C:/ST/STM32CubeIDE_1.18.1/STM32CubeIDE/plugins/com.st.stm32cube.ide.mcu.externaltools.gnu-tools-for-stm32.13.3.rel1.win32_1.0.100.202509120712/tools/bin/../lib/gcc/arm-none-eabi/13.3.1/thumb/v6-m/nofp/crtbegin.o
LOAD C:/ST/STM32CubeIDE_1.18.1/STM32CubeIDE/plugins/com.st.stm32cube.ide.mcu.externaltools.gnu-tools-for-stm32.13.3.rel1.win32_1.0.100.202509120712/tools/bin/../lib/gcc/arm-none-eabi/13.3.1/../../../../arm-none-eabi/lib/thumb/v6-m/nofp/crt0.o
LOAD ./Core/Src/ADC.o
LOAD ./Core/Src/APP.o
LOAD ./Core/Src/COMM.o
LOAD ./Core/Src/GEN.o
LOAD ./Core/Src/GPS.o
LOAD ./Core/Src/GSM.o
LOAD ./Core/Src/MCUFlash.o
LOAD ./Core/Src/UTL.o
LOAD ./Core/Src/main.o
LOAD ./Core/Src/stm32g0xx_hal_msp.o
LOAD ./Core/Src/stm32g0xx_it.o
LOAD ./Core/Src/syscalls.o
LOAD ./Core/Src/sysmem.o
LOAD ./Core/Src/system_stm32g0xx.o
LOAD ./Core/Startup/startup_stm32g070kbtx.o
LOAD ./Drivers/STM32G0xx_HAL_Driver/Src/stm32g0xx_hal.o
LOAD ./Drivers/STM32G0xx_HAL_Driver/Src/stm32g0xx_hal_cortex.o
LOAD ./Drivers/STM32G0xx_HAL_Driver/Src/stm32g0xx_hal_dma.o
LOAD ./Drivers/STM32G0xx_HAL_Driver/Src/stm32g0xx_hal_dma_ex.o
LOAD ./Drivers/STM32G0xx_HAL_Driver/Src/stm32g0xx_hal_exti.o
LOAD ./Drivers/STM32G0xx_HAL_Driver/Src/stm32g0xx_hal_flash.o
LOAD ./Drivers/STM32G0xx_HAL_Driver/Src/stm32g0xx_hal_flash_ex.o
LOAD ./Drivers/STM32G0xx_HAL_Driver/Src/stm32g0xx_hal_gpio.o
LOAD ./Drivers/STM32G0xx_HAL_Driver/Src/stm32g0xx_hal_iwdg.o
LOAD ./Drivers/STM32G0xx_HAL_Driver/Src/stm32g0xx_hal_pwr.o
LOAD ./Drivers/STM32G0xx_HAL_Driver/Src/stm32g0xx_hal_pwr_ex.o
LOAD ./Drivers/STM32G0xx_HAL_Driver/Src/stm32g0xx_hal_rcc.o
LOAD ./Drivers/STM32G0xx_HAL_Driver/Src/stm32g0xx_hal_rcc_ex.o
LOAD ./Drivers/STM32G0xx_HAL_Driver/Src/stm32g0xx_hal_uart.o
LOAD ./Drivers/STM32G0xx_HAL_Driver/Src/stm32g0xx_hal_uart_ex.o
LOAD ./Drivers/STM32G0xx_HAL_Driver/Src/stm32g0xx_ll_rcc.o
START GROUP
LOAD C:/ST/STM32CubeIDE_1.18.1/STM32CubeIDE/plugins/com.st.stm32cube.ide.mcu.externaltools.gnu-tools-for-stm32.13.3.rel1.win32_1.0.100.202509120712/tools/bin/../lib/gcc/arm-none-eabi/13.3.1/../../../../arm-none-eabi/lib/thumb/v6-m/nofp\libc_nano.a
LOAD C:/ST/STM32CubeIDE_1.18.1/STM32CubeIDE/plugins/com.st.stm32cube.ide.mcu.externaltools.gnu-tools-for-stm32.13.3.rel1.win32_1.0.100.202509120712/tools/bin/../lib/gcc/arm-none-eabi/13.3.1/../../../../arm-none-eabi/lib/thumb/v6-m/nofp\libm.a
END GROUP
START GROUP
LOAD C:/ST/STM32CubeIDE_1.18.1/STM32CubeIDE/plugins/com.st.stm32cube.ide.mcu.externaltools.gnu-tools-for-stm32.13.3.rel1.win32_1.0.100.202509120712/tools/bin/../lib/gcc/arm-none-eabi/13.3.1/thumb/v6-m/nofp\libgcc.a
LOAD C:/ST/STM32CubeIDE_1.18.1/STM32CubeIDE/plugins/com.st.stm32cube.ide.mcu.externaltools.gnu-tools-for-stm32.13.3.rel1.win32_1.0.100.202509120712/tools/bin/../lib/gcc/arm-none-eabi/13.3.1/../../../../arm-none-eabi/lib/thumb/v6-m/nofp\libc_nano.a
END GROUP
START GROUP
LOAD C:/ST/STM32CubeIDE_1.18.1/STM32CubeIDE/plugins/com.st.stm32cube.ide.mcu.externaltools.gnu-tools-for-stm32.13.3.rel1.win32_1.0.100.202509120712/tools/bin/../lib/gcc/arm-none-eabi/13.3.1/thumb/v6-m/nofp\libgcc.a
LOAD C:/ST/STM32CubeIDE_1.18.1/STM32CubeIDE/plugins/com.st.stm32cube.ide.mcu.externaltools.gnu-tools-for-stm32.13.3.rel1.win32_1.0.100.202509120712/tools/bin/../lib/gcc/arm-none-eabi/13.3.1/../../../../arm-none-eabi/lib/thumb/v6-m/nofp\libc_nano.a
LOAD C:/ST/STM32CubeIDE_1.18.1/STM32CubeIDE/plugins/com.st.stm32cube.ide.mcu.externaltools.gnu-tools-for-stm32.13.3.rel1.win32_1.0.100.202509120712/tools/bin/../lib/gcc/arm-none-eabi/13.3.1/../../../../arm-none-eabi/lib/thumb/v6-m/nofp\libnosys.a
END GROUP
START GROUP
LOAD C:/ST/STM32CubeIDE_1.18.1/STM32CubeIDE/plugins/com.st.stm32cube.ide.mcu.externaltools.gnu-tools-for-stm32.13.3.rel1.win32_1.0.100.202509120712/tools/bin/../lib/gcc/arm-none-eabi/13.3.1/thumb/v6-m/nofp\libgcc.a
LOAD C:/ST/STM32CubeIDE_1.18.1/STM32CubeIDE/plugins/com.st.stm32cube.ide.mcu.externaltools.gnu-tools-for-stm32.13.3.rel1.win32_1.0.100.202509120712/tools/bin/../lib/gcc/arm-none-eabi/13.3.1/../../../../arm-none-eabi/lib/thumb/v6-m/nofp\libc_nano.a
LOAD C:/ST/STM32CubeIDE_1.18.1/STM32CubeIDE/plugins/com.st.stm32cube.ide.mcu.externaltools.gnu-tools-for-stm32.13.3.rel1.win32_1.0.100.202509120712/tools/bin/../lib/gcc/arm-none-eabi/13.3.1/../../../../arm-none-eabi/lib/thumb/v6-m/nofp\libnosys.a
END GROUP
LOAD C:/ST/STM32CubeIDE_1.18.1/STM32CubeIDE/plugins/com.st.stm32cube.ide.mcu.externaltools.gnu-tools-for-stm32.13.3.rel1.win32_1.0.100.202509120712/tools/bin/../lib/gcc/arm-none-eabi/13.3.1/thumb/v6-m/nofp/crtend.o
LOAD C:/ST/STM32CubeIDE_1.18.1/STM32CubeIDE/plugins/com.st.stm32cube.ide.mcu.externaltools.gnu-tools-for-stm32.13.3.rel1.win32_1.0.100.202509120712/tools/bin/../lib/gcc/arm-none-eabi/13.3.1/thumb/v6-m/nofp/crtn.o
                0x20009000                        _estack = (ORIGIN (RAM) + LENGTH (RAM))
                0x00000200                        _Min_Heap_Size = 0x200
                0x00000400                        _Min_Stack_Size = 0x400

.isr_vector     0x08000000       0xb8
                0x08000000                        . = ALIGN (0x4)
 *(.isr_vector)
 .isr_vector    0x08000000       0xb8 ./Core/Startup/startup_stm32g070kbtx.o
                0x08000000                g_pfnVectors
                0x080000b8                        . = ALIGN (0x4)

.text           0x080000b8     0x7640
                0x080000b8                        . = ALIGN (0x4)
 *(.text)
 .text          0x080000b8       0x48 C:/ST/STM32CubeIDE_1.18.1/STM32CubeIDE/plugins/com.st.stm32cube.ide.mcu.externaltools.gnu-tools-for-stm32.13.3.rel1.win32_1.0.100.202509120712/tools/bin/../lib/gcc/arm-none-eabi/13.3.1/thumb/v6-m/nofp/crtbegin.o
 .text          0x08000100        0xe C:/ST/STM32CubeIDE_1.18.1/STM32CubeIDE/plugins/com.st.stm32cube.ide.mcu.externaltools.gnu-tools-for-stm32.13.3.rel1.win32_1.0.100.202509120712/tools/bin/../lib/gcc/arm-none-eabi/13.3.1/../../../../arm-none-eabi/lib/thumb/v6-m/nofp\libc_nano.a(libc_a-strlen.o)
                0x08000100                strlen
 *fill*         0x0800010e        0x2 
 .text          0x08000110       0x14 C:/ST/STM32CubeIDE_1.18.1/STM32CubeIDE/plugins/com.st.stm32cube.ide.mcu.externaltools.gnu-tools-for-stm32.13.3.rel1.win32_1.0.100.202509120712/tools/bin/../lib/gcc/arm-none-eabi/13.3.1/thumb/v6-m/nofp\libgcc.a(_thumb1_case_shi.o)
                0x08000110                __gnu_thumb1_case_shi
 .text          0x08000124      0x114 C:/ST/STM32CubeIDE_1.18.1/STM32CubeIDE/plugins/com.st.stm32cube.ide.mcu.externaltools.gnu-tools-for-stm32.13.3.rel1.win32_1.0.100.202509120712/tools/bin/../lib/gcc/arm-none-eabi/13.3.1/thumb/v6-m/nofp\libgcc.a(_udivsi3.o)
                0x08000124                __aeabi_uidiv
                0x08000124                __udivsi3
                0x08000230                __aeabi_uidivmod
 .text          0x08000238      0x1d4 C:/ST/STM32CubeIDE_1.18.1/STM32CubeIDE/plugins/com.st.stm32cube.ide.mcu.externaltools.gnu-tools-for-stm32.13.3.rel1.win32_1.0.100.202509120712/tools/bin/../lib/gcc/arm-none-eabi/13.3.1/thumb/v6-m/nofp\libgcc.a(_divsi3.o)
                0x08000238                __divsi3
                0x08000238                __aeabi_idiv
                0x08000404                __aeabi_idivmod
 .text          0x0800040c        0x4 C:/ST/STM32CubeIDE_1.18.1/STM32CubeIDE/plugins/com.st.stm32cube.ide.mcu.externaltools.gnu-tools-for-stm32.13.3.rel1.win32_1.0.100.202509120712/tools/bin/../lib/gcc/arm-none-eabi/13.3.1/thumb/v6-m/nofp\libgcc.a(_dvmd_tls.o)
                0x0800040c                __aeabi_idiv0
                0x0800040c                __aeabi_ldiv0
 *(.text*)
 .text.main     0x08000410      0x238 ./Core/Src/APP.o
                0x08000410                main
 .text.vAPP_eSendLiveDataAtTxRate_Exe
                0x08000648       0x64 ./Core/Src/APP.o
                0x08000648                vAPP_eSendLiveDataAtTxRate_Exe
 .text.vAPP_iReadLiveData_Exe
                0x080006ac       0x1e ./Core/Src/APP.o
 *fill*         0x080006ca        0x2 
 .text.vAPP_iSendLiveModeData_Exe
                0x080006cc       0x74 ./Core/Src/APP.o
 .text.bGEN_iSendDataOverSocket_Exe
                0x08000740       0xac ./Core/Src/APP.o
                0x08000740                bGEN_iSendDataOverSocket_Exe
 .text.vAPP_iReadIgnStatus_Exe
                0x080007ec        0xa ./Core/Src/APP.o
 .text.SystemClock_Config
                0x080007f6       0xb4 ./Core/Src/APP.o
                0x080007f6                SystemClock_Config
 *fill*         0x080008aa        0x2 
 .text.MX_IWDG_Init
                0x080008ac       0x40 ./Core/Src/APP.o
 .text.vAPP_eFeedTheWDT_Exe
                0x080008ec       0x18 ./Core/Src/APP.o
                0x080008ec                vAPP_eFeedTheWDT_Exe
 .text.MX_GPIO_Init
                0x08000904       0xa4 ./Core/Src/APP.o
 .text.Error_Handler
                0x080009a8        0xa ./Core/Src/APP.o
                0x080009a8                Error_Handler
 *fill*         0x080009b2        0x2 
 .text.vCOMM_eUSART1Init
                0x080009b4       0x9c ./Core/Src/COMM.o
                0x080009b4                vCOMM_eUSART1Init
 .text.vCOMM_eUSART3Init
                0x08000a50       0x9c ./Core/Src/COMM.o
                0x08000a50                vCOMM_eUSART3Init
 .text.vCOMM_eTxString_Exe
                0x08000aec       0x50 ./Core/Src/COMM.o
                0x08000aec                vCOMM_eTxString_Exe
 .text.HAL_UART_RxCpltCallback
                0x08000b3c       0xe8 ./Core/Src/COMM.o
                0x08000b3c                HAL_UART_RxCpltCallback
 .text.HAL_UART_ErrorCallback
                0x08000c24       0x34 ./Core/Src/COMM.o
                0x08000c24                HAL_UART_ErrorCallback
 .text.vGEN_eLoadAndParseData_Exe
                0x08000c58       0x80 ./Core/Src/GEN.o
                0x08000c58                vGEN_eLoadAndParseData_Exe
 .text.vGEN_eLoadTxRate_Exe
                0x08000cd8       0xa0 ./Core/Src/GEN.o
                0x08000cd8                vGEN_eLoadTxRate_Exe
 .text.vGPS_eInit
                0x08000d78       0xb0 ./Core/Src/GPS.o
                0x08000d78                vGPS_eInit
 .text.ucGPS_eGetGPSPowerStatus_Exe
                0x08000e28       0x90 ./Core/Src/GPS.o
                0x08000e28                ucGPS_eGetGPSPowerStatus_Exe
 .text.vGPS_eSetGPSPower_Exe
                0x08000eb8       0x74 ./Core/Src/GPS.o
                0x08000eb8                vGPS_eSetGPSPower_Exe
 .text.vGPS_eStartGPS_Exe
                0x08000f2c       0x26 ./Core/Src/GPS.o
                0x08000f2c                vGPS_eStartGPS_Exe
 *fill*         0x08000f52        0x2 
 .text.bGPS_eGetGPSLoc_Exe
                0x08000f54      0x278 ./Core/Src/GPS.o
                0x08000f54                bGPS_eGetGPSLoc_Exe
 .text.vGPS_eReadGPSData_Exe
                0x080011cc       0x20 ./Core/Src/GPS.o
                0x080011cc                vGPS_eReadGPSData_Exe
 .text.vGPS_iResetGPS_Exe
                0x080011ec       0x3c ./Core/Src/GPS.o
 .text.vGSM_eInit
                0x08001228      0x128 ./Core/Src/GSM.o
                0x08001228                vGSM_eInit
 .text.ucGSM_eProcessATCmdWithCmdNum_Exe
                0x08001350       0x50 ./Core/Src/GSM.o
                0x08001350                ucGSM_eProcessATCmdWithCmdNum_Exe
 .text.ucGSM_eProcessATCmdWithCmdPtr_Exe
                0x080013a0       0x38 ./Core/Src/GSM.o
                0x080013a0                ucGSM_eProcessATCmdWithCmdPtr_Exe
 .text.ucGSM_eProcessATCmd_Exe
                0x080013d8       0xf8 ./Core/Src/GSM.o
                0x080013d8                ucGSM_eProcessATCmd_Exe
 .text.bGSM_eWait4RespOrTimeOut_Exe
                0x080014d0       0x80 ./Core/Src/GSM.o
                0x080014d0                bGSM_eWait4RespOrTimeOut_Exe
 .text.ucGSM_eCompareStringInGSMBuff_Exe
                0x08001550      0x1c0 ./Core/Src/GSM.o
                0x08001550                ucGSM_eCompareStringInGSMBuff_Exe
 .text.vGSM_eStartGSM_Exe
                0x08001710       0xa0 ./Core/Src/GSM.o
                0x08001710                vGSM_eStartGSM_Exe
 .text.ucGSM_eCheckATResponse_Exe
                0x080017b0       0x64 ./Core/Src/GSM.o
                0x080017b0                ucGSM_eCheckATResponse_Exe
 .text.vGSM_ePWRKeyStartGSM_Exe
                0x08001814       0x8c ./Core/Src/GSM.o
                0x08001814                vGSM_ePWRKeyStartGSM_Exe
 .text.vGSM_eResetGSM_Exe
                0x080018a0       0x44 ./Core/Src/GSM.o
                0x080018a0                vGSM_eResetGSM_Exe
 .text.vGSM_eDisableGPRS_Exe
                0x080018e4       0x6c ./Core/Src/GSM.o
                0x080018e4                vGSM_eDisableGPRS_Exe
 .text.vGSM_eCloseSocket_Exe
                0x08001950       0x68 ./Core/Src/GSM.o
                0x08001950                vGSM_eCloseSocket_Exe
 .text.ucGSM_eProcessATCmdDualRespWithPtr_Exe
                0x080019b8       0x60 ./Core/Src/GSM.o
                0x080019b8                ucGSM_eProcessATCmdDualRespWithPtr_Exe
 .text.ucGSM_eProcessATCmdDualRespWithCmdNum_Exe
                0x08001a18       0x78 ./Core/Src/GSM.o
                0x08001a18                ucGSM_eProcessATCmdDualRespWithCmdNum_Exe
 .text.ucGSM_eProcessATCmdDualResp_Exe
                0x08001a90      0x200 ./Core/Src/GSM.o
                0x08001a90                ucGSM_eProcessATCmdDualResp_Exe
 .text.ucGSM_eWait4RespOrTimeOutDualResp_Exe
                0x08001c90      0x114 ./Core/Src/GSM.o
                0x08001c90                ucGSM_eWait4RespOrTimeOutDualResp_Exe
 .text.vGSM_eInitaliseGSM_Exe
                0x08001da4       0x44 ./Core/Src/GSM.o
                0x08001da4                vGSM_eInitaliseGSM_Exe
 .text.vGSM_eInitialSetup_Exe
                0x08001de8       0x96 ./Core/Src/GSM.o
                0x08001de8                vGSM_eInitialSetup_Exe
 *fill*         0x08001e7e        0x2 
 .text.vGSM_eRegisterAndSetModule_Exe
                0x08001e80       0xd8 ./Core/Src/GSM.o
                0x08001e80                vGSM_eRegisterAndSetModule_Exe
 .text.vGSM_eReadSIMInsertStatus_Exe
                0x08001f58       0x54 ./Core/Src/GSM.o
                0x08001f58                vGSM_eReadSIMInsertStatus_Exe
 .text.ucGSM_eReadSignalStrength_Exe
                0x08001fac      0x120 ./Core/Src/GSM.o
                0x08001fac                ucGSM_eReadSignalStrength_Exe
 .text.bGSM_eNetworkSetup_Exe
                0x080020cc      0x114 ./Core/Src/GSM.o
                0x080020cc                bGSM_eNetworkSetup_Exe
 .text.bGSM_eReadNetworkRegStatus_Exe
                0x080021e0       0xf4 ./Core/Src/GSM.o
                0x080021e0                bGSM_eReadNetworkRegStatus_Exe
 .text.vGSM_eReadNetworkInfo_Exe
                0x080022d4       0xc8 ./Core/Src/GSM.o
                0x080022d4                vGSM_eReadNetworkInfo_Exe
 .text.bGSM_eCheckAPNSetting_Exe
                0x0800239c       0xec ./Core/Src/GSM.o
                0x0800239c                bGSM_eCheckAPNSetting_Exe
 .text.vGSM_eSetAPN_Exe
                0x08002488       0x74 ./Core/Src/GSM.o
                0x08002488                vGSM_eSetAPN_Exe
 .text.vGSM_eUpdateTimeZoneAndRTC_Exe
                0x080024fc       0x1e ./Core/Src/GSM.o
                0x080024fc                vGSM_eUpdateTimeZoneAndRTC_Exe
 *fill*         0x0800251a        0x2 
 .text.ucGSM_eReadRTC_Exe
                0x0800251c      0x230 ./Core/Src/GSM.o
                0x0800251c                ucGSM_eReadRTC_Exe
 .text.vGSM_eEnableGPRS_Exe
                0x0800274c       0x78 ./Core/Src/GSM.o
                0x0800274c                vGSM_eEnableGPRS_Exe
 .text.vGSM_eReadGPRSStatus_Exe
                0x080027c4       0x5c ./Core/Src/GSM.o
                0x080027c4                vGSM_eReadGPRSStatus_Exe
 .text.vGSM_eReStartGSM_Exe
                0x08002820       0xe8 ./Core/Src/GSM.o
                0x08002820                vGSM_eReStartGSM_Exe
 .text.vGSM_eSoftOFFGSM_Exe
                0x08002908       0x78 ./Core/Src/GSM.o
                0x08002908                vGSM_eSoftOFFGSM_Exe
 .text.bGSM_eCheckAndMakeSocket_Exe
                0x08002980       0xb8 ./Core/Src/GSM.o
                0x08002980                bGSM_eCheckAndMakeSocket_Exe
 .text.bGSM_eSendDataOnSocket_Exe
                0x08002a38      0x124 ./Core/Src/GSM.o
                0x08002a38                bGSM_eSendDataOnSocket_Exe
 .text.bGSM_eReadSocketStatus_Exe
                0x08002b5c       0xe0 ./Core/Src/GSM.o
                0x08002b5c                bGSM_eReadSocketStatus_Exe
 .text.bGSM_eMakeSocket_Exe
                0x08002c3c       0xe8 ./Core/Src/GSM.o
                0x08002c3c                bGSM_eMakeSocket_Exe
 .text.pucUTL_eSearchChar_Exe
                0x08002d24       0x7c ./Core/Src/UTL.o
                0x08002d24                pucUTL_eSearchChar_Exe
 .text.bUTL_eCompareData_Exe
                0x08002da0       0x92 ./Core/Src/UTL.o
                0x08002da0                bUTL_eCompareData_Exe
 *fill*         0x08002e32        0x2 
 .text.HAL_MspInit
                0x08002e34       0x48 ./Core/Src/stm32g0xx_hal_msp.o
                0x08002e34                HAL_MspInit
 .text.HAL_UART_MspInit
                0x08002e7c      0x1d4 ./Core/Src/stm32g0xx_hal_msp.o
                0x08002e7c                HAL_UART_MspInit
 .text.HAL_UART_MspDeInit
                0x08003050       0xa0 ./Core/Src/stm32g0xx_hal_msp.o
                0x08003050                HAL_UART_MspDeInit
 .text.NMI_Handler
                0x080030f0        0x8 ./Core/Src/stm32g0xx_it.o
                0x080030f0                NMI_Handler
 .text.HardFault_Handler
                0x080030f8        0x8 ./Core/Src/stm32g0xx_it.o
                0x080030f8                HardFault_Handler
 .text.SVC_Handler
                0x08003100        0xa ./Core/Src/stm32g0xx_it.o
                0x08003100                SVC_Handler
 .text.PendSV_Handler
                0x0800310a        0xa ./Core/Src/stm32g0xx_it.o
                0x0800310a                PendSV_Handler
 .text.SysTick_Handler
                0x08003114      0x350 ./Core/Src/stm32g0xx_it.o
                0x08003114                SysTick_Handler
 .text.USART1_IRQHandler
                0x08003464       0x18 ./Core/Src/stm32g0xx_it.o
                0x08003464                USART1_IRQHandler
 .text._sbrk    0x0800347c       0x6c ./Core/Src/sysmem.o
                0x0800347c                _sbrk
 .text.SystemInit
                0x080034e8        0xa ./Core/Src/system_stm32g0xx.o
                0x080034e8                SystemInit
 *fill*         0x080034f2        0x2 
 .text.Reset_Handler
                0x080034f4       0x50 ./Core/Startup/startup_stm32g070kbtx.o
                0x080034f4                Reset_Handler
 .text.Default_Handler
                0x08003544        0x2 ./Core/Startup/startup_stm32g070kbtx.o
                0x08003544                TIM1_CC_IRQHandler
                0x08003544                TIM6_IRQHandler
                0x08003544                I2C1_IRQHandler
                0x08003544                RTC_TAMP_IRQHandler
                0x08003544                SPI1_IRQHandler
                0x08003544                USART3_4_IRQHandler
                0x08003544                EXTI2_3_IRQHandler
                0x08003544                ADC1_IRQHandler
                0x08003544                I2C2_IRQHandler
                0x08003544                TIM17_IRQHandler
                0x08003544                TIM16_IRQHandler
                0x08003544                TIM3_IRQHandler
                0x08003544                EXTI4_15_IRQHandler
                0x08003544                RCC_IRQHandler
                0x08003544                DMA1_Channel1_IRQHandler
                0x08003544                Default_Handler
                0x08003544                TIM14_IRQHandler
                0x08003544                TIM7_IRQHandler
                0x08003544                TIM15_IRQHandler
                0x08003544                EXTI0_1_IRQHandler
                0x08003544                SPI2_IRQHandler
                0x08003544                WWDG_IRQHandler
                0x08003544                DMA1_Ch4_7_DMAMUX1_OVR_IRQHandler
                0x08003544                DMA1_Channel2_3_IRQHandler
                0x08003544                USART2_IRQHandler
                0x08003544                FLASH_IRQHandler
                0x08003544                TIM1_BRK_UP_TRG_COM_IRQHandler
 *fill*         0x08003546        0x2 
 .text.HAL_Init
                0x08003548       0x40 ./Drivers/STM32G0xx_HAL_Driver/Src/stm32g0xx_hal.o
                0x08003548                HAL_Init
 .text.HAL_InitTick
                0x08003588       0x94 ./Drivers/STM32G0xx_HAL_Driver/Src/stm32g0xx_hal.o
                0x08003588                HAL_InitTick
 .text.HAL_IncTick
                0x0800361c       0x24 ./Drivers/STM32G0xx_HAL_Driver/Src/stm32g0xx_hal.o
                0x0800361c                HAL_IncTick
 .text.HAL_GetTick
                0x08003640       0x14 ./Drivers/STM32G0xx_HAL_Driver/Src/stm32g0xx_hal.o
                0x08003640                HAL_GetTick
 .text.HAL_Delay
                0x08003654       0x48 ./Drivers/STM32G0xx_HAL_Driver/Src/stm32g0xx_hal.o
                0x08003654                HAL_Delay
 .text.__NVIC_EnableIRQ
                0x0800369c       0x34 ./Drivers/STM32G0xx_HAL_Driver/Src/stm32g0xx_hal_cortex.o
 .text.__NVIC_DisableIRQ
                0x080036d0       0x44 ./Drivers/STM32G0xx_HAL_Driver/Src/stm32g0xx_hal_cortex.o
 .text.__NVIC_SetPriority
                0x08003714       0xdc ./Drivers/STM32G0xx_HAL_Driver/Src/stm32g0xx_hal_cortex.o
 .text.SysTick_Config
                0x080037f0       0x48 ./Drivers/STM32G0xx_HAL_Driver/Src/stm32g0xx_hal_cortex.o
 .text.HAL_NVIC_SetPriority
                0x08003838       0x2a ./Drivers/STM32G0xx_HAL_Driver/Src/stm32g0xx_hal_cortex.o
                0x08003838                HAL_NVIC_SetPriority
 .text.HAL_NVIC_EnableIRQ
                0x08003862       0x20 ./Drivers/STM32G0xx_HAL_Driver/Src/stm32g0xx_hal_cortex.o
                0x08003862                HAL_NVIC_EnableIRQ
 .text.HAL_NVIC_DisableIRQ
                0x08003882       0x20 ./Drivers/STM32G0xx_HAL_Driver/Src/stm32g0xx_hal_cortex.o
                0x08003882                HAL_NVIC_DisableIRQ
 .text.HAL_SYSTICK_Config
                0x080038a2       0x1a ./Drivers/STM32G0xx_HAL_Driver/Src/stm32g0xx_hal_cortex.o
                0x080038a2                HAL_SYSTICK_Config
 .text.HAL_DMA_Abort
                0x080038bc       0xc4 ./Drivers/STM32G0xx_HAL_Driver/Src/stm32g0xx_hal_dma.o
                0x080038bc                HAL_DMA_Abort
 .text.HAL_DMA_Abort_IT
                0x08003980       0xd4 ./Drivers/STM32G0xx_HAL_Driver/Src/stm32g0xx_hal_dma.o
                0x08003980                HAL_DMA_Abort_IT
 .text.HAL_GPIO_Init
                0x08003a54      0x2c8 ./Drivers/STM32G0xx_HAL_Driver/Src/stm32g0xx_hal_gpio.o
                0x08003a54                HAL_GPIO_Init
 .text.HAL_GPIO_DeInit
                0x08003d1c      0x1a0 ./Drivers/STM32G0xx_HAL_Driver/Src/stm32g0xx_hal_gpio.o
                0x08003d1c                HAL_GPIO_DeInit
 .text.HAL_GPIO_WritePin
                0x08003ebc       0x3a ./Drivers/STM32G0xx_HAL_Driver/Src/stm32g0xx_hal_gpio.o
                0x08003ebc                HAL_GPIO_WritePin
 *fill*         0x08003ef6        0x2 
 .text.HAL_IWDG_Init
                0x08003ef8       0xa4 ./Drivers/STM32G0xx_HAL_Driver/Src/stm32g0xx_hal_iwdg.o
                0x08003ef8                HAL_IWDG_Init
 .text.HAL_IWDG_Refresh
                0x08003f9c       0x20 ./Drivers/STM32G0xx_HAL_Driver/Src/stm32g0xx_hal_iwdg.o
                0x08003f9c                HAL_IWDG_Refresh
 .text.HAL_PWREx_ControlVoltageScaling
                0x08003fbc       0x80 ./Drivers/STM32G0xx_HAL_Driver/Src/stm32g0xx_hal_pwr_ex.o
                0x08003fbc                HAL_PWREx_ControlVoltageScaling
 .text.LL_RCC_GetAPB1Prescaler
                0x0800403c       0x18 ./Drivers/STM32G0xx_HAL_Driver/Src/stm32g0xx_hal_rcc.o
 .text.HAL_RCC_OscConfig
                0x08004054      0x620 ./Drivers/STM32G0xx_HAL_Driver/Src/stm32g0xx_hal_rcc.o
                0x08004054                HAL_RCC_OscConfig
 .text.HAL_RCC_ClockConfig
                0x08004674      0x210 ./Drivers/STM32G0xx_HAL_Driver/Src/stm32g0xx_hal_rcc.o
                0x08004674                HAL_RCC_ClockConfig
 .text.HAL_RCC_GetSysClockFreq
                0x08004884      0x104 ./Drivers/STM32G0xx_HAL_Driver/Src/stm32g0xx_hal_rcc.o
                0x08004884                HAL_RCC_GetSysClockFreq
 .text.HAL_RCC_GetHCLKFreq
                0x08004988       0x14 ./Drivers/STM32G0xx_HAL_Driver/Src/stm32g0xx_hal_rcc.o
                0x08004988                HAL_RCC_GetHCLKFreq
 .text.HAL_RCC_GetPCLK1Freq
                0x0800499c       0x2c ./Drivers/STM32G0xx_HAL_Driver/Src/stm32g0xx_hal_rcc.o
                0x0800499c                HAL_RCC_GetPCLK1Freq
 .text.HAL_RCCEx_PeriphCLKConfig
                0x080049c8      0x268 ./Drivers/STM32G0xx_HAL_Driver/Src/stm32g0xx_hal_rcc_ex.o
                0x080049c8                HAL_RCCEx_PeriphCLKConfig
 .text.HAL_UART_Init
                0x08004c30       0xac ./Drivers/STM32G0xx_HAL_Driver/Src/stm32g0xx_hal_uart.o
                0x08004c30                HAL_UART_Init
 .text.HAL_UART_Transmit
                0x08004cdc      0x148 ./Drivers/STM32G0xx_HAL_Driver/Src/stm32g0xx_hal_uart.o
                0x08004cdc                HAL_UART_Transmit
 .text.HAL_UART_Receive_IT
                0x08004e24       0xae ./Drivers/STM32G0xx_HAL_Driver/Src/stm32g0xx_hal_uart.o
                0x08004e24                HAL_UART_Receive_IT
 *fill*         0x08004ed2        0x2 
 .text.HAL_UART_IRQHandler
                0x08004ed4      0x64c ./Drivers/STM32G0xx_HAL_Driver/Src/stm32g0xx_hal_uart.o
                0x08004ed4                HAL_UART_IRQHandler
 .text.HAL_UART_TxCpltCallback
                0x08005520       0x10 ./Drivers/STM32G0xx_HAL_Driver/Src/stm32g0xx_hal_uart.o
                0x08005520                HAL_UART_TxCpltCallback
 .text.HAL_UARTEx_RxEventCallback
                0x08005530       0x16 ./Drivers/STM32G0xx_HAL_Driver/Src/stm32g0xx_hal_uart.o
                0x08005530                HAL_UARTEx_RxEventCallback
 *fill*         0x08005546        0x2 
 .text.UART_SetConfig
                0x08005548      0x348 ./Drivers/STM32G0xx_HAL_Driver/Src/stm32g0xx_hal_uart.o
                0x08005548                UART_SetConfig
 .text.UART_AdvFeatureConfig
                0x08005890      0x168 ./Drivers/STM32G0xx_HAL_Driver/Src/stm32g0xx_hal_uart.o
                0x08005890                UART_AdvFeatureConfig
 .text.UART_CheckIdleState
                0x080059f8      0x154 ./Drivers/STM32G0xx_HAL_Driver/Src/stm32g0xx_hal_uart.o
                0x080059f8                UART_CheckIdleState
 .text.UART_WaitOnFlagUntilTimeout
                0x08005b4c       0xde ./Drivers/STM32G0xx_HAL_Driver/Src/stm32g0xx_hal_uart.o
                0x08005b4c                UART_WaitOnFlagUntilTimeout
 *fill*         0x08005c2a        0x2 
 .text.UART_Start_Receive_IT
                0x08005c2c      0x248 ./Drivers/STM32G0xx_HAL_Driver/Src/stm32g0xx_hal_uart.o
                0x08005c2c                UART_Start_Receive_IT
 .text.UART_EndRxTransfer
                0x08005e74       0xcc ./Drivers/STM32G0xx_HAL_Driver/Src/stm32g0xx_hal_uart.o
 .text.UART_DMAAbortOnError
                0x08005f40       0x2e ./Drivers/STM32G0xx_HAL_Driver/Src/stm32g0xx_hal_uart.o
 .text.UART_EndTransmit_IT
                0x08005f6e       0x58 ./Drivers/STM32G0xx_HAL_Driver/Src/stm32g0xx_hal_uart.o
 *fill*         0x08005fc6        0x2 
 .text.UART_RxISR_8BIT
                0x08005fc8      0x1b8 ./Drivers/STM32G0xx_HAL_Driver/Src/stm32g0xx_hal_uart.o
 .text.UART_RxISR_16BIT
                0x08006180      0x1b8 ./Drivers/STM32G0xx_HAL_Driver/Src/stm32g0xx_hal_uart.o
 .text.UART_RxISR_8BIT_FIFOEN
                0x08006338      0x330 ./Drivers/STM32G0xx_HAL_Driver/Src/stm32g0xx_hal_uart.o
 .text.UART_RxISR_16BIT_FIFOEN
                0x08006668      0x348 ./Drivers/STM32G0xx_HAL_Driver/Src/stm32g0xx_hal_uart.o
 .text.HAL_UARTEx_WakeupCallback
                0x080069b0       0x10 ./Drivers/STM32G0xx_HAL_Driver/Src/stm32g0xx_hal_uart_ex.o
                0x080069b0                HAL_UARTEx_WakeupCallback
 .text.HAL_UARTEx_RxFifoFullCallback
                0x080069c0       0x10 ./Drivers/STM32G0xx_HAL_Driver/Src/stm32g0xx_hal_uart_ex.o
                0x080069c0                HAL_UARTEx_RxFifoFullCallback
 .text.HAL_UARTEx_TxFifoEmptyCallback
                0x080069d0       0x10 ./Drivers/STM32G0xx_HAL_Driver/Src/stm32g0xx_hal_uart_ex.o
                0x080069d0                HAL_UARTEx_TxFifoEmptyCallback
 .text.HAL_UARTEx_DisableFifoMode
                0x080069e0       0x74 ./Drivers/STM32G0xx_HAL_Driver/Src/stm32g0xx_hal_uart_ex.o
                0x080069e0                HAL_UARTEx_DisableFifoMode
 .text.HAL_UARTEx_SetTxFifoThreshold
                0x08006a54       0x7e ./Drivers/STM32G0xx_HAL_Driver/Src/stm32g0xx_hal_uart_ex.o
                0x08006a54                HAL_UARTEx_SetTxFifoThreshold
 *fill*         0x08006ad2        0x2 
 .text.HAL_UARTEx_SetRxFifoThreshold
                0x08006ad4       0x84 ./Drivers/STM32G0xx_HAL_Driver/Src/stm32g0xx_hal_uart_ex.o
                0x08006ad4                HAL_UARTEx_SetRxFifoThreshold
 .text.UARTEx_SetNbDataToProcess
                0x08006b58       0xbc ./Drivers/STM32G0xx_HAL_Driver/Src/stm32g0xx_hal_uart_ex.o
 .text.atoi     0x08006c14        0xc C:/ST/STM32CubeIDE_1.18.1/STM32CubeIDE/plugins/com.st.stm32cube.ide.mcu.externaltools.gnu-tools-for-stm32.13.3.rel1.win32_1.0.100.202509120712/tools/bin/../lib/gcc/arm-none-eabi/13.3.1/../../../../arm-none-eabi/lib/thumb/v6-m/nofp\libc_nano.a(libc_a-atoi.o)
                0x08006c14                atoi
 .text._strtol_l.isra.0
                0x08006c20      0x114 C:/ST/STM32CubeIDE_1.18.1/STM32CubeIDE/plugins/com.st.stm32cube.ide.mcu.externaltools.gnu-tools-for-stm32.13.3.rel1.win32_1.0.100.202509120712/tools/bin/../lib/gcc/arm-none-eabi/13.3.1/../../../../arm-none-eabi/lib/thumb/v6-m/nofp\libc_nano.a(libc_a-strtol.o)
 .text.strtol   0x08006d34       0x18 C:/ST/STM32CubeIDE_1.18.1/STM32CubeIDE/plugins/com.st.stm32cube.ide.mcu.externaltools.gnu-tools-for-stm32.13.3.rel1.win32_1.0.100.202509120712/tools/bin/../lib/gcc/arm-none-eabi/13.3.1/../../../../arm-none-eabi/lib/thumb/v6-m/nofp\libc_nano.a(libc_a-strtol.o)
                0x08006d34                strtol
 .text.sprintf  0x08006d4c       0x44 C:/ST/STM32CubeIDE_1.18.1/STM32CubeIDE/plugins/com.st.stm32cube.ide.mcu.externaltools.gnu-tools-for-stm32.13.3.rel1.win32_1.0.100.202509120712/tools/bin/../lib/gcc/arm-none-eabi/13.3.1/../../../../arm-none-eabi/lib/thumb/v6-m/nofp\libc_nano.a(libc_a-sprintf.o)
                0x08006d4c                siprintf
                0x08006d4c                sprintf
 .text.memset   0x08006d90       0x10 C:/ST/STM32CubeIDE_1.18.1/STM32CubeIDE/plugins/com.st.stm32cube.ide.mcu.externaltools.gnu-tools-for-stm32.13.3.rel1.win32_1.0.100.202509120712/tools/bin/../lib/gcc/arm-none-eabi/13.3.1/../../../../arm-none-eabi/lib/thumb/v6-m/nofp\libc_nano.a(libc_a-memset.o)
                0x08006d90                memset
 .text.strchr   0x08006da0       0x1c C:/ST/STM32CubeIDE_1.18.1/STM32CubeIDE/plugins/com.st.stm32cube.ide.mcu.externaltools.gnu-tools-for-stm32.13.3.rel1.win32_1.0.100.202509120712/tools/bin/../lib/gcc/arm-none-eabi/13.3.1/../../../../arm-none-eabi/lib/thumb/v6-m/nofp\libc_nano.a(libc_a-strchr.o)
                0x08006da0                strchr
 .text.strstr   0x08006dbc       0x2c C:/ST/STM32CubeIDE_1.18.1/STM32CubeIDE/plugins/com.st.stm32cube.ide.mcu.externaltools.gnu-tools-for-stm32.13.3.rel1.win32_1.0.100.202509120712/tools/bin/../lib/gcc/arm-none-eabi/13.3.1/../../../../arm-none-eabi/lib/thumb/v6-m/nofp\libc_nano.a(libc_a-strstr.o)
                0x08006dbc                strstr
 .text.__errno  0x08006de8        0xc C:/ST/STM32CubeIDE_1.18.1/STM32CubeIDE/plugins/com.st.stm32cube.ide.mcu.externaltools.gnu-tools-for-stm32.13.3.rel1.win32_1.0.100.202509120712/tools/bin/../lib/gcc/arm-none-eabi/13.3.1/../../../../arm-none-eabi/lib/thumb/v6-m/nofp\libc_nano.a(libc_a-errno.o)
                0x08006de8                __errno
 .text.__libc_init_array
                0x08006df4       0x48 C:/ST/STM32CubeIDE_1.18.1/STM32CubeIDE/plugins/com.st.stm32cube.ide.mcu.externaltools.gnu-tools-for-stm32.13.3.rel1.win32_1.0.100.202509120712/tools/bin/../lib/gcc/arm-none-eabi/13.3.1/../../../../arm-none-eabi/lib/thumb/v6-m/nofp\libc_nano.a(libc_a-init.o)
                0x08006df4                __libc_init_array
 .text.__retarget_lock_acquire_recursive
                0x08006e3c        0x2 C:/ST/STM32CubeIDE_1.18.1/STM32CubeIDE/plugins/com.st.stm32cube.ide.mcu.externaltools.gnu-tools-for-stm32.13.3.rel1.win32_1.0.100.202509120712/tools/bin/../lib/gcc/arm-none-eabi/13.3.1/../../../../arm-none-eabi/lib/thumb/v6-m/nofp\libc_nano.a(libc_a-lock.o)
                0x08006e3c                __retarget_lock_acquire_recursive
 .text.__retarget_lock_release_recursive
                0x08006e3e        0x2 C:/ST/STM32CubeIDE_1.18.1/STM32CubeIDE/plugins/com.st.stm32cube.ide.mcu.externaltools.gnu-tools-for-stm32.13.3.rel1.win32_1.0.100.202509120712/tools/bin/../lib/gcc/arm-none-eabi/13.3.1/../../../../arm-none-eabi/lib/thumb/v6-m/nofp\libc_nano.a(libc_a-lock.o)
                0x08006e3e                __retarget_lock_release_recursive
 .text.strcpy   0x08006e40       0x10 C:/ST/STM32CubeIDE_1.18.1/STM32CubeIDE/plugins/com.st.stm32cube.ide.mcu.externaltools.gnu-tools-for-stm32.13.3.rel1.win32_1.0.100.202509120712/tools/bin/../lib/gcc/arm-none-eabi/13.3.1/../../../../arm-none-eabi/lib/thumb/v6-m/nofp\libc_nano.a(libc_a-strcpy.o)
                0x08006e40                strcpy
 .text.memcpy   0x08006e50       0x12 C:/ST/STM32CubeIDE_1.18.1/STM32CubeIDE/plugins/com.st.stm32cube.ide.mcu.externaltools.gnu-tools-for-stm32.13.3.rel1.win32_1.0.100.202509120712/tools/bin/../lib/gcc/arm-none-eabi/13.3.1/../../../../arm-none-eabi/lib/thumb/v6-m/nofp\libc_nano.a(libc_a-memcpy-stub.o)
                0x08006e50                memcpy
 *fill*         0x08006e62        0x2 
 .text._free_r  0x08006e64       0x94 C:/ST/STM32CubeIDE_1.18.1/STM32CubeIDE/plugins/com.st.stm32cube.ide.mcu.externaltools.gnu-tools-for-stm32.13.3.rel1.win32_1.0.100.202509120712/tools/bin/../lib/gcc/arm-none-eabi/13.3.1/../../../../arm-none-eabi/lib/thumb/v6-m/nofp\libc_nano.a(libc_a-freer.o)
                0x08006e64                _free_r
 .text.sbrk_aligned
                0x08006ef8       0x44 C:/ST/STM32CubeIDE_1.18.1/STM32CubeIDE/plugins/com.st.stm32cube.ide.mcu.externaltools.gnu-tools-for-stm32.13.3.rel1.win32_1.0.100.202509120712/tools/bin/../lib/gcc/arm-none-eabi/13.3.1/../../../../arm-none-eabi/lib/thumb/v6-m/nofp\libc_nano.a(libc_a-mallocr.o)
 .text._malloc_r
                0x08006f3c      0x100 C:/ST/STM32CubeIDE_1.18.1/STM32CubeIDE/plugins/com.st.stm32cube.ide.mcu.externaltools.gnu-tools-for-stm32.13.3.rel1.win32_1.0.100.202509120712/tools/bin/../lib/gcc/arm-none-eabi/13.3.1/../../../../arm-none-eabi/lib/thumb/v6-m/nofp\libc_nano.a(libc_a-mallocr.o)
                0x08006f3c                _malloc_r
 .text.__malloc_lock
                0x0800703c       0x10 C:/ST/STM32CubeIDE_1.18.1/STM32CubeIDE/plugins/com.st.stm32cube.ide.mcu.externaltools.gnu-tools-for-stm32.13.3.rel1.win32_1.0.100.202509120712/tools/bin/../lib/gcc/arm-none-eabi/13.3.1/../../../../arm-none-eabi/lib/thumb/v6-m/nofp\libc_nano.a(libc_a-mlock.o)
                0x0800703c                __malloc_lock
 .text.__malloc_unlock
                0x0800704c       0x10 C:/ST/STM32CubeIDE_1.18.1/STM32CubeIDE/plugins/com.st.stm32cube.ide.mcu.externaltools.gnu-tools-for-stm32.13.3.rel1.win32_1.0.100.202509120712/tools/bin/../lib/gcc/arm-none-eabi/13.3.1/../../../../arm-none-eabi/lib/thumb/v6-m/nofp\libc_nano.a(libc_a-mlock.o)
                0x0800704c                __malloc_unlock
 .text.__ssputs_r
                0x0800705c       0xc0 C:/ST/STM32CubeIDE_1.18.1/STM32CubeIDE/plugins/com.st.stm32cube.ide.mcu.externaltools.gnu-tools-for-stm32.13.3.rel1.win32_1.0.100.202509120712/tools/bin/../lib/gcc/arm-none-eabi/13.3.1/../../../../arm-none-eabi/lib/thumb/v6-m/nofp\libc_nano.a(libc_a-nano-svfprintf.o)
                0x0800705c                __ssputs_r
 .text._svfprintf_r
                0x0800711c      0x1fc C:/ST/STM32CubeIDE_1.18.1/STM32CubeIDE/plugins/com.st.stm32cube.ide.mcu.externaltools.gnu-tools-for-stm32.13.3.rel1.win32_1.0.100.202509120712/tools/bin/../lib/gcc/arm-none-eabi/13.3.1/../../../../arm-none-eabi/lib/thumb/v6-m/nofp\libc_nano.a(libc_a-nano-svfprintf.o)
                0x0800711c                _svfiprintf_r
                0x0800711c                _svfprintf_r
 .text._printf_common
                0x08007318       0xde C:/ST/STM32CubeIDE_1.18.1/STM32CubeIDE/plugins/com.st.stm32cube.ide.mcu.externaltools.gnu-tools-for-stm32.13.3.rel1.win32_1.0.100.202509120712/tools/bin/../lib/gcc/arm-none-eabi/13.3.1/../../../../arm-none-eabi/lib/thumb/v6-m/nofp\libc_nano.a(libc_a-nano-vfprintf_i.o)
                0x08007318                _printf_common
 *fill*         0x080073f6        0x2 
 .text._printf_i
                0x080073f8      0x218 C:/ST/STM32CubeIDE_1.18.1/STM32CubeIDE/plugins/com.st.stm32cube.ide.mcu.externaltools.gnu-tools-for-stm32.13.3.rel1.win32_1.0.100.202509120712/tools/bin/../lib/gcc/arm-none-eabi/13.3.1/../../../../arm-none-eabi/lib/thumb/v6-m/nofp\libc_nano.a(libc_a-nano-vfprintf_i.o)
                0x080073f8                _printf_i
 .text.memmove  0x08007610       0x24 C:/ST/STM32CubeIDE_1.18.1/STM32CubeIDE/plugins/com.st.stm32cube.ide.mcu.externaltools.gnu-tools-for-stm32.13.3.rel1.win32_1.0.100.202509120712/tools/bin/../lib/gcc/arm-none-eabi/13.3.1/../../../../arm-none-eabi/lib/thumb/v6-m/nofp\libc_nano.a(libc_a-memmove.o)
                0x08007610                memmove
 .text._sbrk_r  0x08007634       0x24 C:/ST/STM32CubeIDE_1.18.1/STM32CubeIDE/plugins/com.st.stm32cube.ide.mcu.externaltools.gnu-tools-for-stm32.13.3.rel1.win32_1.0.100.202509120712/tools/bin/../lib/gcc/arm-none-eabi/13.3.1/../../../../arm-none-eabi/lib/thumb/v6-m/nofp\libc_nano.a(libc_a-sbrkr.o)
                0x08007634                _sbrk_r
 .text.memchr   0x08007658       0x16 C:/ST/STM32CubeIDE_1.18.1/STM32CubeIDE/plugins/com.st.stm32cube.ide.mcu.externaltools.gnu-tools-for-stm32.13.3.rel1.win32_1.0.100.202509120712/tools/bin/../lib/gcc/arm-none-eabi/13.3.1/../../../../arm-none-eabi/lib/thumb/v6-m/nofp\libc_nano.a(libc_a-memchr-stub.o)
                0x08007658                memchr
 .text._realloc_r
                0x0800766e       0x60 C:/ST/STM32CubeIDE_1.18.1/STM32CubeIDE/plugins/com.st.stm32cube.ide.mcu.externaltools.gnu-tools-for-stm32.13.3.rel1.win32_1.0.100.202509120712/tools/bin/../lib/gcc/arm-none-eabi/13.3.1/../../../../arm-none-eabi/lib/thumb/v6-m/nofp\libc_nano.a(libc_a-reallocr.o)
                0x0800766e                _realloc_r
 .text._malloc_usable_size_r
                0x080076ce       0x10 C:/ST/STM32CubeIDE_1.18.1/STM32CubeIDE/plugins/com.st.stm32cube.ide.mcu.externaltools.gnu-tools-for-stm32.13.3.rel1.win32_1.0.100.202509120712/tools/bin/../lib/gcc/arm-none-eabi/13.3.1/../../../../arm-none-eabi/lib/thumb/v6-m/nofp\libc_nano.a(libc_a-msizer.o)
                0x080076ce                _malloc_usable_size_r
 *(.glue_7)
 .glue_7        0x080076de        0x0 linker stubs
 *(.glue_7t)
 .glue_7t       0x080076de        0x0 linker stubs
 *(.eh_frame)
 *fill*         0x080076de        0x2 
 .eh_frame      0x080076e0        0x0 C:/ST/STM32CubeIDE_1.18.1/STM32CubeIDE/plugins/com.st.stm32cube.ide.mcu.externaltools.gnu-tools-for-stm32.13.3.rel1.win32_1.0.100.202509120712/tools/bin/../lib/gcc/arm-none-eabi/13.3.1/thumb/v6-m/nofp/crtbegin.o
 *(.init)
 .init          0x080076e0        0x4 C:/ST/STM32CubeIDE_1.18.1/STM32CubeIDE/plugins/com.st.stm32cube.ide.mcu.externaltools.gnu-tools-for-stm32.13.3.rel1.win32_1.0.100.202509120712/tools/bin/../lib/gcc/arm-none-eabi/13.3.1/thumb/v6-m/nofp/crti.o
                0x080076e0                _init
 .init          0x080076e4        0x8 C:/ST/STM32CubeIDE_1.18.1/STM32CubeIDE/plugins/com.st.stm32cube.ide.mcu.externaltools.gnu-tools-for-stm32.13.3.rel1.win32_1.0.100.202509120712/tools/bin/../lib/gcc/arm-none-eabi/13.3.1/thumb/v6-m/nofp/crtn.o
 *(.fini)
 .fini          0x080076ec        0x4 C:/ST/STM32CubeIDE_1.18.1/STM32CubeIDE/plugins/com.st.stm32cube.ide.mcu.externaltools.gnu-tools-for-stm32.13.3.rel1.win32_1.0.100.202509120712/tools/bin/../lib/gcc/arm-none-eabi/13.3.1/thumb/v6-m/nofp/crti.o
                0x080076ec                _fini
 .fini          0x080076f0        0x8 C:/ST/STM32CubeIDE_1.18.1/STM32CubeIDE/plugins/com.st.stm32cube.ide.mcu.externaltools.gnu-tools-for-stm32.13.3.rel1.win32_1.0.100.202509120712/tools/bin/../lib/gcc/arm-none-eabi/13.3.1/thumb/v6-m/nofp/crtn.o
                0x080076f8                        . = ALIGN (0x4)
                0x080076f8                        _etext = .

.vfp11_veneer   0x080076f8        0x0
 .vfp11_veneer  0x080076f8        0x0 linker stubs

.v4_bx          0x080076f8        0x0
 .v4_bx         0x080076f8        0x0 linker stubs

.iplt           0x080076f8        0x0
 .iplt          0x080076f8        0x0 C:/ST/STM32CubeIDE_1.18.1/STM32CubeIDE/plugins/com.st.stm32cube.ide.mcu.externaltools.gnu-tools-for-stm32.13.3.rel1.win32_1.0.100.202509120712/tools/bin/../lib/gcc/arm-none-eabi/13.3.1/thumb/v6-m/nofp/crtbegin.o

.rodata         0x080076f8      0x820
                0x080076f8                        . = ALIGN (0x4)
 *(.rodata)
 .rodata        0x080076f8       0x22 ./Core/Src/APP.o
 *fill*         0x0800771a        0x2 
 .rodata        0x0800771c      0x12e ./Core/Src/GEN.o
 *fill*         0x0800784a        0x2 
 .rodata        0x0800784c      0x510 ./Core/Src/GSM.o
 *(.rodata*)
 .rodata.AHBPrescTable
                0x08007d5c       0x40 ./Core/Src/system_stm32g0xx.o
                0x08007d5c                AHBPrescTable
 .rodata.APBPrescTable
                0x08007d9c       0x20 ./Core/Src/system_stm32g0xx.o
                0x08007d9c                APBPrescTable
 .rodata.UARTPrescTable
                0x08007dbc       0x18 ./Drivers/STM32G0xx_HAL_Driver/Src/stm32g0xx_hal_uart.o
                0x08007dbc                UARTPrescTable
 .rodata.numerator.1
                0x08007dd4        0x8 ./Drivers/STM32G0xx_HAL_Driver/Src/stm32g0xx_hal_uart_ex.o
 .rodata.denominator.0
                0x08007ddc        0x8 ./Drivers/STM32G0xx_HAL_Driver/Src/stm32g0xx_hal_uart_ex.o
 .rodata._ctype_
                0x08007de4      0x101 C:/ST/STM32CubeIDE_1.18.1/STM32CubeIDE/plugins/com.st.stm32cube.ide.mcu.externaltools.gnu-tools-for-stm32.13.3.rel1.win32_1.0.100.202509120712/tools/bin/../lib/gcc/arm-none-eabi/13.3.1/../../../../arm-none-eabi/lib/thumb/v6-m/nofp\libc_nano.a(libc_a-ctype_.o)
                0x08007de4                _ctype_
 .rodata._svfprintf_r.str1.1
                0x08007ee5       0x33 C:/ST/STM32CubeIDE_1.18.1/STM32CubeIDE/plugins/com.st.stm32cube.ide.mcu.externaltools.gnu-tools-for-stm32.13.3.rel1.win32_1.0.100.202509120712/tools/bin/../lib/gcc/arm-none-eabi/13.3.1/../../../../arm-none-eabi/lib/thumb/v6-m/nofp\libc_nano.a(libc_a-nano-svfprintf.o)
                                 0x11 (size before relaxing)
 .rodata._printf_i.str1.1
                0x08007f18        0x0 C:/ST/STM32CubeIDE_1.18.1/STM32CubeIDE/plugins/com.st.stm32cube.ide.mcu.externaltools.gnu-tools-for-stm32.13.3.rel1.win32_1.0.100.202509120712/tools/bin/../lib/gcc/arm-none-eabi/13.3.1/../../../../arm-none-eabi/lib/thumb/v6-m/nofp\libc_nano.a(libc_a-nano-vfprintf_i.o)
                                 0x22 (size before relaxing)
                0x08007f18                        . = ALIGN (0x4)

.ARM.extab      0x08007f18        0x0
                0x08007f18                        . = ALIGN (0x4)
 *(.ARM.extab* .gnu.linkonce.armextab.*)
                0x08007f18                        . = ALIGN (0x4)

.ARM            0x08007f18        0x0
                0x08007f18                        . = ALIGN (0x4)
                0x08007f18                        __exidx_start = .
 *(.ARM.exidx*)
                0x08007f18                        __exidx_end = .
                0x08007f18                        . = ALIGN (0x4)

.preinit_array  0x08007f18        0x0
                0x08007f18                        . = ALIGN (0x4)
                0x08007f18                        PROVIDE (__preinit_array_start = .)
 *(.preinit_array*)
                0x08007f18                        PROVIDE (__preinit_array_end = .)
                0x08007f18                        . = ALIGN (0x4)

.init_array     0x08007f18        0x4
                0x08007f18                        . = ALIGN (0x4)
                0x08007f18                        PROVIDE (__init_array_start = .)
 *(SORT_BY_NAME(.init_array.*))
 *(.init_array*)
 .init_array    0x08007f18        0x4 C:/ST/STM32CubeIDE_1.18.1/STM32CubeIDE/plugins/com.st.stm32cube.ide.mcu.externaltools.gnu-tools-for-stm32.13.3.rel1.win32_1.0.100.202509120712/tools/bin/../lib/gcc/arm-none-eabi/13.3.1/thumb/v6-m/nofp/crtbegin.o
                0x08007f1c                        PROVIDE (__init_array_end = .)
                0x08007f1c                        . = ALIGN (0x4)

.fini_array     0x08007f1c        0x4
                0x08007f1c                        . = ALIGN (0x4)
                [!provide]                        PROVIDE (__fini_array_start = .)
 *(SORT_BY_NAME(.fini_array.*))
 *(.fini_array*)
 .fini_array    0x08007f1c        0x4 C:/ST/STM32CubeIDE_1.18.1/STM32CubeIDE/plugins/com.st.stm32cube.ide.mcu.externaltools.gnu-tools-for-stm32.13.3.rel1.win32_1.0.100.202509120712/tools/bin/../lib/gcc/arm-none-eabi/13.3.1/thumb/v6-m/nofp/crtbegin.o
                [!provide]                        PROVIDE (__fini_array_end = .)
                0x08007f20                        . = ALIGN (0x4)
                0x08007f20                        _sidata = LOADADDR (.data)

.rel.dyn        0x08007f20        0x0
 .rel.iplt      0x08007f20        0x0 C:/ST/STM32CubeIDE_1.18.1/STM32CubeIDE/plugins/com.st.stm32cube.ide.mcu.externaltools.gnu-tools-for-stm32.13.3.rel1.win32_1.0.100.202509120712/tools/bin/../lib/gcc/arm-none-eabi/13.3.1/thumb/v6-m/nofp/crtbegin.o

.data           0x20000000      0x1e0 load address 0x08007f20
                0x20000000                        . = ALIGN (0x4)
                0x20000000                        _sdata = .
 *(.data)
 *(.data*)
 .data.cGEN_eDataType
                0x20000000        0xc ./Core/Src/GEN.o
                0x20000000                cGEN_eDataType
 .data.cGSM_QUECTEL_eATCommandTbl
                0x2000000c       0xe0 ./Core/Src/GSM.o
                0x2000000c                cGSM_QUECTEL_eATCommandTbl
 .data.cGSM_QUECTEL_eATResponseTbl
                0x200000ec       0x98 ./Core/Src/GSM.o
                0x200000ec                cGSM_QUECTEL_eATResponseTbl
 .data.SystemCoreClock
                0x20000184        0x4 ./Core/Src/system_stm32g0xx.o
                0x20000184                SystemCoreClock
 .data.uwTickPrio
                0x20000188        0x4 ./Drivers/STM32G0xx_HAL_Driver/Src/stm32g0xx_hal.o
                0x20000188                uwTickPrio
 .data.uwTickFreq
                0x2000018c        0x1 ./Drivers/STM32G0xx_HAL_Driver/Src/stm32g0xx_hal.o
                0x2000018c                uwTickFreq
 *fill*         0x2000018d        0x3 
 .data._impure_ptr
                0x20000190        0x4 C:/ST/STM32CubeIDE_1.18.1/STM32CubeIDE/plugins/com.st.stm32cube.ide.mcu.externaltools.gnu-tools-for-stm32.13.3.rel1.win32_1.0.100.202509120712/tools/bin/../lib/gcc/arm-none-eabi/13.3.1/../../../../arm-none-eabi/lib/thumb/v6-m/nofp\libc_nano.a(libc_a-impure.o)
                0x20000190                _impure_ptr
 .data._impure_data
                0x20000194       0x4c C:/ST/STM32CubeIDE_1.18.1/STM32CubeIDE/plugins/com.st.stm32cube.ide.mcu.externaltools.gnu-tools-for-stm32.13.3.rel1.win32_1.0.100.202509120712/tools/bin/../lib/gcc/arm-none-eabi/13.3.1/../../../../arm-none-eabi/lib/thumb/v6-m/nofp\libc_nano.a(libc_a-impure.o)
                0x20000194                _impure_data
 *(.RamFunc)
 *(.RamFunc*)
                0x200001e0                        . = ALIGN (0x4)
                0x200001e0                        _edata = .

.igot.plt       0x200001e0        0x0 load address 0x08008100
 .igot.plt      0x200001e0        0x0 C:/ST/STM32CubeIDE_1.18.1/STM32CubeIDE/plugins/com.st.stm32cube.ide.mcu.externaltools.gnu-tools-for-stm32.13.3.rel1.win32_1.0.100.202509120712/tools/bin/../lib/gcc/arm-none-eabi/13.3.1/thumb/v6-m/nofp/crtbegin.o
                0x200001e0                        . = ALIGN (0x4)

.bss            0x200001e0     0x1250 load address 0x08008100
                0x200001e0                        _sbss = .
                0x200001e0                        __bss_start__ = _sbss
 *(.bss)
 .bss           0x200001e0       0x1c C:/ST/STM32CubeIDE_1.18.1/STM32CubeIDE/plugins/com.st.stm32cube.ide.mcu.externaltools.gnu-tools-for-stm32.13.3.rel1.win32_1.0.100.202509120712/tools/bin/../lib/gcc/arm-none-eabi/13.3.1/thumb/v6-m/nofp/crtbegin.o
 *(.bss*)
 .bss.cAPP_eGlobalBuffer
                0x200001fc      0x1f4 ./Core/Src/APP.o
                0x200001fc                cAPP_eGlobalBuffer
 .bss.cAPP_eGPSDataBuffer
                0x200003f0      0x384 ./Core/Src/APP.o
                0x200003f0                cAPP_eGPSDataBuffer
 .bss.hiwdg     0x20000774       0x10 ./Core/Src/APP.o
                0x20000774                hiwdg
 .bss.TIMERData
                0x20000784       0x3a ./Core/Src/APP.o
                0x20000784                TIMERData
 *fill*         0x200007be        0x2 
 .bss.APPStatus
                0x200007c0        0xe ./Core/Src/APP.o
                0x200007c0                APPStatus
 *fill*         0x200007ce        0x2 
 .bss.APPCONFIG
                0x200007d0       0x54 ./Core/Src/APP.o
                0x200007d0                APPCONFIG
 .bss.huart1    0x20000824       0x94 ./Core/Src/COMM.o
                0x20000824                huart1
 .bss.huart2    0x200008b8       0x94 ./Core/Src/COMM.o
                0x200008b8                huart2
 .bss.huart3    0x2000094c       0x94 ./Core/Src/COMM.o
                0x2000094c                huart3
 .bss.UARTData  0x200009e0        0xc ./Core/Src/COMM.o
                0x200009e0                UARTData
 .bss.GPSData   0x200009ec       0x5c ./Core/Src/GPS.o
                0x200009ec                GPSData
 .bss.GSMData   0x20000a48      0x88f ./Core/Src/GSM.o
                0x20000a48                GSMData
 *fill*         0x200012d7        0x1 
 .bss.GSMStatus
                0x200012d8        0x3 ./Core/Src/GSM.o
                0x200012d8                GSMStatus
 *fill*         0x200012db        0x1 
 .bss.IoT_ClusterMsg
                0x200012dc        0x4 ./Core/Src/GSM.o
                0x200012dc                IoT_ClusterMsg
 .bss.__sbrk_heap_end
                0x200012e0        0x4 ./Core/Src/sysmem.o
 .bss.uwTick    0x200012e4        0x4 ./Drivers/STM32G0xx_HAL_Driver/Src/stm32g0xx_hal.o
                0x200012e4                uwTick
 .bss.__sf      0x200012e8      0x138 C:/ST/STM32CubeIDE_1.18.1/STM32CubeIDE/plugins/com.st.stm32cube.ide.mcu.externaltools.gnu-tools-for-stm32.13.3.rel1.win32_1.0.100.202509120712/tools/bin/../lib/gcc/arm-none-eabi/13.3.1/../../../../arm-none-eabi/lib/thumb/v6-m/nofp\libc_nano.a(libc_a-findfp.o)
                0x200012e8                __sf
 .bss.errno     0x20001420        0x4 C:/ST/STM32CubeIDE_1.18.1/STM32CubeIDE/plugins/com.st.stm32cube.ide.mcu.externaltools.gnu-tools-for-stm32.13.3.rel1.win32_1.0.100.202509120712/tools/bin/../lib/gcc/arm-none-eabi/13.3.1/../../../../arm-none-eabi/lib/thumb/v6-m/nofp\libc_nano.a(libc_a-reent.o)
                0x20001420                errno
 .bss.__lock___malloc_recursive_mutex
                0x20001424        0x1 C:/ST/STM32CubeIDE_1.18.1/STM32CubeIDE/plugins/com.st.stm32cube.ide.mcu.externaltools.gnu-tools-for-stm32.13.3.rel1.win32_1.0.100.202509120712/tools/bin/../lib/gcc/arm-none-eabi/13.3.1/../../../../arm-none-eabi/lib/thumb/v6-m/nofp\libc_nano.a(libc_a-lock.o)
                0x20001424                __lock___malloc_recursive_mutex
 *fill*         0x20001425        0x3 
 .bss.__malloc_sbrk_start
                0x20001428        0x4 C:/ST/STM32CubeIDE_1.18.1/STM32CubeIDE/plugins/com.st.stm32cube.ide.mcu.externaltools.gnu-tools-for-stm32.13.3.rel1.win32_1.0.100.202509120712/tools/bin/../lib/gcc/arm-none-eabi/13.3.1/../../../../arm-none-eabi/lib/thumb/v6-m/nofp\libc_nano.a(libc_a-mallocr.o)
                0x20001428                __malloc_sbrk_start
 .bss.__malloc_free_list
                0x2000142c        0x4 C:/ST/STM32CubeIDE_1.18.1/STM32CubeIDE/plugins/com.st.stm32cube.ide.mcu.externaltools.gnu-tools-for-stm32.13.3.rel1.win32_1.0.100.202509120712/tools/bin/../lib/gcc/arm-none-eabi/13.3.1/../../../../arm-none-eabi/lib/thumb/v6-m/nofp\libc_nano.a(libc_a-mallocr.o)
                0x2000142c                __malloc_free_list
 *(COMMON)
                0x20001430                        . = ALIGN (0x4)
                0x20001430                        _ebss = .
                0x20001430                        __bss_end__ = _ebss

._user_heap_stack
                0x20001430      0x600 load address 0x08008100
                0x20001430                        . = ALIGN (0x8)
                [!provide]                        PROVIDE (end = .)
                0x20001430                        PROVIDE (_end = .)
                0x20001630                        . = (. + _Min_Heap_Size)
 *fill*         0x20001430      0x200 
                0x20001a30                        . = (. + _Min_Stack_Size)
 *fill*         0x20001630      0x400 
                0x20001a30                        . = ALIGN (0x8)

/DISCARD/
 libc.a(*)
 libm.a(*)
 libgcc.a(*)

.ARM.attributes
                0x00000000       0x28
 *(.ARM.attributes)
 .ARM.attributes
                0x00000000       0x1e C:/ST/STM32CubeIDE_1.18.1/STM32CubeIDE/plugins/com.st.stm32cube.ide.mcu.externaltools.gnu-tools-for-stm32.13.3.rel1.win32_1.0.100.202509120712/tools/bin/../lib/gcc/arm-none-eabi/13.3.1/thumb/v6-m/nofp/crti.o
 .ARM.attributes
                0x0000001e       0x2c C:/ST/STM32CubeIDE_1.18.1/STM32CubeIDE/plugins/com.st.stm32cube.ide.mcu.externaltools.gnu-tools-for-stm32.13.3.rel1.win32_1.0.100.202509120712/tools/bin/../lib/gcc/arm-none-eabi/13.3.1/thumb/v6-m/nofp/crtbegin.o
 .ARM.attributes
                0x0000004a       0x2c ./Core/Src/APP.o
 .ARM.attributes
                0x00000076       0x2c ./Core/Src/COMM.o
 .ARM.attributes
                0x000000a2       0x2c ./Core/Src/GEN.o
 .ARM.attributes
                0x000000ce       0x2c ./Core/Src/GPS.o
 .ARM.attributes
                0x000000fa       0x2c ./Core/Src/GSM.o
 .ARM.attributes
                0x00000126       0x2c ./Core/Src/UTL.o
 .ARM.attributes
                0x00000152       0x2c ./Core/Src/stm32g0xx_hal_msp.o
 .ARM.attributes
                0x0000017e       0x2c ./Core/Src/stm32g0xx_it.o
 .ARM.attributes
                0x000001aa       0x2c ./Core/Src/sysmem.o
 .ARM.attributes
                0x000001d6       0x2c ./Core/Src/system_stm32g0xx.o
 .ARM.attributes
                0x00000202       0x22 ./Core/Startup/startup_stm32g070kbtx.o
 .ARM.attributes
                0x00000224       0x2c ./Drivers/STM32G0xx_HAL_Driver/Src/stm32g0xx_hal.o
 .ARM.attributes
                0x00000250       0x2c ./Drivers/STM32G0xx_HAL_Driver/Src/stm32g0xx_hal_cortex.o
 .ARM.attributes
                0x0000027c       0x2c ./Drivers/STM32G0xx_HAL_Driver/Src/stm32g0xx_hal_dma.o
 .ARM.attributes
                0x000002a8       0x2c ./Drivers/STM32G0xx_HAL_Driver/Src/stm32g0xx_hal_gpio.o
 .ARM.attributes
                0x000002d4       0x2c ./Drivers/STM32G0xx_HAL_Driver/Src/stm32g0xx_hal_iwdg.o
 .ARM.attributes
                0x00000300       0x2c ./Drivers/STM32G0xx_HAL_Driver/Src/stm32g0xx_hal_pwr_ex.o
 .ARM.attributes
                0x0000032c       0x2c ./Drivers/STM32G0xx_HAL_Driver/Src/stm32g0xx_hal_rcc.o
 .ARM.attributes
                0x00000358       0x2c ./Drivers/STM32G0xx_HAL_Driver/Src/stm32g0xx_hal_rcc_ex.o
 .ARM.attributes
                0x00000384       0x2c ./Drivers/STM32G0xx_HAL_Driver/Src/stm32g0xx_hal_uart.o
 .ARM.attributes
                0x000003b0       0x2c ./Drivers/STM32G0xx_HAL_Driver/Src/stm32g0xx_hal_uart_ex.o
 .ARM.attributes
                0x000003dc       0x2c C:/ST/STM32CubeIDE_1.18.1/STM32CubeIDE/plugins/com.st.stm32cube.ide.mcu.externaltools.gnu-tools-for-stm32.13.3.rel1.win32_1.0.100.202509120712/tools/bin/../lib/gcc/arm-none-eabi/13.3.1/../../../../arm-none-eabi/lib/thumb/v6-m/nofp\libc_nano.a(libc_a-atoi.o)
 .ARM.attributes
                0x00000408       0x2c C:/ST/STM32CubeIDE_1.18.1/STM32CubeIDE/plugins/com.st.stm32cube.ide.mcu.externaltools.gnu-tools-for-stm32.13.3.rel1.win32_1.0.100.202509120712/tools/bin/../lib/gcc/arm-none-eabi/13.3.1/../../../../arm-none-eabi/lib/thumb/v6-m/nofp\libc_nano.a(libc_a-strtol.o)
 .ARM.attributes
                0x00000434       0x2c C:/ST/STM32CubeIDE_1.18.1/STM32CubeIDE/plugins/com.st.stm32cube.ide.mcu.externaltools.gnu-tools-for-stm32.13.3.rel1.win32_1.0.100.202509120712/tools/bin/../lib/gcc/arm-none-eabi/13.3.1/../../../../arm-none-eabi/lib/thumb/v6-m/nofp\libc_nano.a(libc_a-ctype_.o)
 .ARM.attributes
                0x00000460       0x2c C:/ST/STM32CubeIDE_1.18.1/STM32CubeIDE/plugins/com.st.stm32cube.ide.mcu.externaltools.gnu-tools-for-stm32.13.3.rel1.win32_1.0.100.202509120712/tools/bin/../lib/gcc/arm-none-eabi/13.3.1/../../../../arm-none-eabi/lib/thumb/v6-m/nofp\libc_nano.a(libc_a-findfp.o)
 .ARM.attributes
                0x0000048c       0x2c C:/ST/STM32CubeIDE_1.18.1/STM32CubeIDE/plugins/com.st.stm32cube.ide.mcu.externaltools.gnu-tools-for-stm32.13.3.rel1.win32_1.0.100.202509120712/tools/bin/../lib/gcc/arm-none-eabi/13.3.1/../../../../arm-none-eabi/lib/thumb/v6-m/nofp\libc_nano.a(libc_a-sprintf.o)
 .ARM.attributes
                0x000004b8       0x2c C:/ST/STM32CubeIDE_1.18.1/STM32CubeIDE/plugins/com.st.stm32cube.ide.mcu.externaltools.gnu-tools-for-stm32.13.3.rel1.win32_1.0.100.202509120712/tools/bin/../lib/gcc/arm-none-eabi/13.3.1/../../../../arm-none-eabi/lib/thumb/v6-m/nofp\libc_nano.a(libc_a-memset.o)
 .ARM.attributes
                0x000004e4       0x2c C:/ST/STM32CubeIDE_1.18.1/STM32CubeIDE/plugins/com.st.stm32cube.ide.mcu.externaltools.gnu-tools-for-stm32.13.3.rel1.win32_1.0.100.202509120712/tools/bin/../lib/gcc/arm-none-eabi/13.3.1/../../../../arm-none-eabi/lib/thumb/v6-m/nofp\libc_nano.a(libc_a-strchr.o)
 .ARM.attributes
                0x00000510       0x2c C:/ST/STM32CubeIDE_1.18.1/STM32CubeIDE/plugins/com.st.stm32cube.ide.mcu.externaltools.gnu-tools-for-stm32.13.3.rel1.win32_1.0.100.202509120712/tools/bin/../lib/gcc/arm-none-eabi/13.3.1/../../../../arm-none-eabi/lib/thumb/v6-m/nofp\libc_nano.a(libc_a-strstr.o)
 .ARM.attributes
                0x0000053c       0x2c C:/ST/STM32CubeIDE_1.18.1/STM32CubeIDE/plugins/com.st.stm32cube.ide.mcu.externaltools.gnu-tools-for-stm32.13.3.rel1.win32_1.0.100.202509120712/tools/bin/../lib/gcc/arm-none-eabi/13.3.1/../../../../arm-none-eabi/lib/thumb/v6-m/nofp\libc_nano.a(libc_a-reent.o)
 .ARM.attributes
                0x00000568       0x2c C:/ST/STM32CubeIDE_1.18.1/STM32CubeIDE/plugins/com.st.stm32cube.ide.mcu.externaltools.gnu-tools-for-stm32.13.3.rel1.win32_1.0.100.202509120712/tools/bin/../lib/gcc/arm-none-eabi/13.3.1/../../../../arm-none-eabi/lib/thumb/v6-m/nofp\libc_nano.a(libc_a-impure.o)
 .ARM.attributes
                0x00000594       0x2c C:/ST/STM32CubeIDE_1.18.1/STM32CubeIDE/plugins/com.st.stm32cube.ide.mcu.externaltools.gnu-tools-for-stm32.13.3.rel1.win32_1.0.100.202509120712/tools/bin/../lib/gcc/arm-none-eabi/13.3.1/../../../../arm-none-eabi/lib/thumb/v6-m/nofp\libc_nano.a(libc_a-errno.o)
 .ARM.attributes
                0x000005c0       0x2c C:/ST/STM32CubeIDE_1.18.1/STM32CubeIDE/plugins/com.st.stm32cube.ide.mcu.externaltools.gnu-tools-for-stm32.13.3.rel1.win32_1.0.100.202509120712/tools/bin/../lib/gcc/arm-none-eabi/13.3.1/../../../../arm-none-eabi/lib/thumb/v6-m/nofp\libc_nano.a(libc_a-init.o)
 .ARM.attributes
                0x000005ec       0x2c C:/ST/STM32CubeIDE_1.18.1/STM32CubeIDE/plugins/com.st.stm32cube.ide.mcu.externaltools.gnu-tools-for-stm32.13.3.rel1.win32_1.0.100.202509120712/tools/bin/../lib/gcc/arm-none-eabi/13.3.1/../../../../arm-none-eabi/lib/thumb/v6-m/nofp\libc_nano.a(libc_a-lock.o)
 .ARM.attributes
                0x00000618       0x2c C:/ST/STM32CubeIDE_1.18.1/STM32CubeIDE/plugins/com.st.stm32cube.ide.mcu.externaltools.gnu-tools-for-stm32.13.3.rel1.win32_1.0.100.202509120712/tools/bin/../lib/gcc/arm-none-eabi/13.3.1/../../../../arm-none-eabi/lib/thumb/v6-m/nofp\libc_nano.a(libc_a-strcpy.o)
 .ARM.attributes
                0x00000644       0x2c C:/ST/STM32CubeIDE_1.18.1/STM32CubeIDE/plugins/com.st.stm32cube.ide.mcu.externaltools.gnu-tools-for-stm32.13.3.rel1.win32_1.0.100.202509120712/tools/bin/../lib/gcc/arm-none-eabi/13.3.1/../../../../arm-none-eabi/lib/thumb/v6-m/nofp\libc_nano.a(libc_a-memcpy-stub.o)
 .ARM.attributes
                0x00000670       0x1c C:/ST/STM32CubeIDE_1.18.1/STM32CubeIDE/plugins/com.st.stm32cube.ide.mcu.externaltools.gnu-tools-for-stm32.13.3.rel1.win32_1.0.100.202509120712/tools/bin/../lib/gcc/arm-none-eabi/13.3.1/../../../../arm-none-eabi/lib/thumb/v6-m/nofp\libc_nano.a(libc_a-strlen.o)
 .ARM.attributes
                0x0000068c       0x2c C:/ST/STM32CubeIDE_1.18.1/STM32CubeIDE/plugins/com.st.stm32cube.ide.mcu.externaltools.gnu-tools-for-stm32.13.3.rel1.win32_1.0.100.202509120712/tools/bin/../lib/gcc/arm-none-eabi/13.3.1/../../../../arm-none-eabi/lib/thumb/v6-m/nofp\libc_nano.a(libc_a-freer.o)
 .ARM.attributes
                0x000006b8       0x2c C:/ST/STM32CubeIDE_1.18.1/STM32CubeIDE/plugins/com.st.stm32cube.ide.mcu.externaltools.gnu-tools-for-stm32.13.3.rel1.win32_1.0.100.202509120712/tools/bin/../lib/gcc/arm-none-eabi/13.3.1/../../../../arm-none-eabi/lib/thumb/v6-m/nofp\libc_nano.a(libc_a-mallocr.o)
 .ARM.attributes
                0x000006e4       0x2c C:/ST/STM32CubeIDE_1.18.1/STM32CubeIDE/plugins/com.st.stm32cube.ide.mcu.externaltools.gnu-tools-for-stm32.13.3.rel1.win32_1.0.100.202509120712/tools/bin/../lib/gcc/arm-none-eabi/13.3.1/../../../../arm-none-eabi/lib/thumb/v6-m/nofp\libc_nano.a(libc_a-mlock.o)
 .ARM.attributes
                0x00000710       0x2c C:/ST/STM32CubeIDE_1.18.1/STM32CubeIDE/plugins/com.st.stm32cube.ide.mcu.externaltools.gnu-tools-for-stm32.13.3.rel1.win32_1.0.100.202509120712/tools/bin/../lib/gcc/arm-none-eabi/13.3.1/../../../../arm-none-eabi/lib/thumb/v6-m/nofp\libc_nano.a(libc_a-nano-svfprintf.o)
 .ARM.attributes
                0x0000073c       0x2c C:/ST/STM32CubeIDE_1.18.1/STM32CubeIDE/plugins/com.st.stm32cube.ide.mcu.externaltools.gnu-tools-for-stm32.13.3.rel1.win32_1.0.100.202509120712/tools/bin/../lib/gcc/arm-none-eabi/13.3.1/../../../../arm-none-eabi/lib/thumb/v6-m/nofp\libc_nano.a(libc_a-nano-vfprintf_i.o)
 .ARM.attributes
                0x00000768       0x2c C:/ST/STM32CubeIDE_1.18.1/STM32CubeIDE/plugins/com.st.stm32cube.ide.mcu.externaltools.gnu-tools-for-stm32.13.3.rel1.win32_1.0.100.202509120712/tools/bin/../lib/gcc/arm-none-eabi/13.3.1/../../../../arm-none-eabi/lib/thumb/v6-m/nofp\libc_nano.a(libc_a-memmove.o)
 .ARM.attributes
                0x00000794       0x2c C:/ST/STM32CubeIDE_1.18.1/STM32CubeIDE/plugins/com.st.stm32cube.ide.mcu.externaltools.gnu-tools-for-stm32.13.3.rel1.win32_1.0.100.202509120712/tools/bin/../lib/gcc/arm-none-eabi/13.3.1/../../../../arm-none-eabi/lib/thumb/v6-m/nofp\libc_nano.a(libc_a-sbrkr.o)
 .ARM.attributes
                0x000007c0       0x2c C:/ST/STM32CubeIDE_1.18.1/STM32CubeIDE/plugins/com.st.stm32cube.ide.mcu.externaltools.gnu-tools-for-stm32.13.3.rel1.win32_1.0.100.202509120712/tools/bin/../lib/gcc/arm-none-eabi/13.3.1/../../../../arm-none-eabi/lib/thumb/v6-m/nofp\libc_nano.a(libc_a-memchr-stub.o)
 .ARM.attributes
                0x000007ec       0x2c C:/ST/STM32CubeIDE_1.18.1/STM32CubeIDE/plugins/com.st.stm32cube.ide.mcu.externaltools.gnu-tools-for-stm32.13.3.rel1.win32_1.0.100.202509120712/tools/bin/../lib/gcc/arm-none-eabi/13.3.1/../../../../arm-none-eabi/lib/thumb/v6-m/nofp\libc_nano.a(libc_a-reallocr.o)
 .ARM.attributes
                0x00000818       0x2c C:/ST/STM32CubeIDE_1.18.1/STM32CubeIDE/plugins/com.st.stm32cube.ide.mcu.externaltools.gnu-tools-for-stm32.13.3.rel1.win32_1.0.100.202509120712/tools/bin/../lib/gcc/arm-none-eabi/13.3.1/../../../../arm-none-eabi/lib/thumb/v6-m/nofp\libc_nano.a(libc_a-msizer.o)
 .ARM.attributes
                0x00000844       0x1e C:/ST/STM32CubeIDE_1.18.1/STM32CubeIDE/plugins/com.st.stm32cube.ide.mcu.externaltools.gnu-tools-for-stm32.13.3.rel1.win32_1.0.100.202509120712/tools/bin/../lib/gcc/arm-none-eabi/13.3.1/thumb/v6-m/nofp\libgcc.a(_thumb1_case_shi.o)
 .ARM.attributes
                0x00000862       0x1e C:/ST/STM32CubeIDE_1.18.1/STM32CubeIDE/plugins/com.st.stm32cube.ide.mcu.externaltools.gnu-tools-for-stm32.13.3.rel1.win32_1.0.100.202509120712/tools/bin/../lib/gcc/arm-none-eabi/13.3.1/thumb/v6-m/nofp\libgcc.a(_udivsi3.o)
 .ARM.attributes
                0x00000880       0x1e C:/ST/STM32CubeIDE_1.18.1/STM32CubeIDE/plugins/com.st.stm32cube.ide.mcu.externaltools.gnu-tools-for-stm32.13.3.rel1.win32_1.0.100.202509120712/tools/bin/../lib/gcc/arm-none-eabi/13.3.1/thumb/v6-m/nofp\libgcc.a(_divsi3.o)
 .ARM.attributes
                0x0000089e       0x1e C:/ST/STM32CubeIDE_1.18.1/STM32CubeIDE/plugins/com.st.stm32cube.ide.mcu.externaltools.gnu-tools-for-stm32.13.3.rel1.win32_1.0.100.202509120712/tools/bin/../lib/gcc/arm-none-eabi/13.3.1/thumb/v6-m/nofp\libgcc.a(_dvmd_tls.o)
 .ARM.attributes
                0x000008bc       0x1e C:/ST/STM32CubeIDE_1.18.1/STM32CubeIDE/plugins/com.st.stm32cube.ide.mcu.externaltools.gnu-tools-for-stm32.13.3.rel1.win32_1.0.100.202509120712/tools/bin/../lib/gcc/arm-none-eabi/13.3.1/thumb/v6-m/nofp/crtn.o
OUTPUT(FlexiblesHW_Ver2.elf elf32-littlearm)
LOAD linker stubs
LOAD C:/ST/STM32CubeIDE_1.18.1/STM32CubeIDE/plugins/com.st.stm32cube.ide.mcu.externaltools.gnu-tools-for-stm32.13.3.rel1.win32_1.0.100.202509120712/tools/bin/../lib/gcc/arm-none-eabi/13.3.1/../../../../arm-none-eabi/lib/thumb/v6-m/nofp\libc.a
LOAD C:/ST/STM32CubeIDE_1.18.1/STM32CubeIDE/plugins/com.st.stm32cube.ide.mcu.externaltools.gnu-tools-for-stm32.13.3.rel1.win32_1.0.100.202509120712/tools/bin/../lib/gcc/arm-none-eabi/13.3.1/../../../../arm-none-eabi/lib/thumb/v6-m/nofp\libm.a
LOAD C:/ST/STM32CubeIDE_1.18.1/STM32CubeIDE/plugins/com.st.stm32cube.ide.mcu.externaltools.gnu-tools-for-stm32.13.3.rel1.win32_1.0.100.202509120712/tools/bin/../lib/gcc/arm-none-eabi/13.3.1/thumb/v6-m/nofp\libgcc.a

.debug_info     0x00000000    0x10e08
 .debug_info    0x00000000     0x19cb ./Core/Src/APP.o
 .debug_info    0x000019cb      0xb64 ./Core/Src/COMM.o
 .debug_info    0x0000252f      0x61f ./Core/Src/GEN.o
 .debug_info    0x00002b4e      0xda4 ./Core/Src/GPS.o
 .debug_info    0x000038f2     0x2454 ./Core/Src/GSM.o
 .debug_info    0x00005d46      0x47a ./Core/Src/UTL.o
 .debug_info    0x000061c0      0xd33 ./Core/Src/stm32g0xx_hal_msp.o
 .debug_info    0x00006ef3      0xa02 ./Core/Src/stm32g0xx_it.o
 .debug_info    0x000078f5      0x168 ./Core/Src/sysmem.o
 .debug_info    0x00007a5d      0x316 ./Core/Src/system_stm32g0xx.o
 .debug_info    0x00007d73       0x30 ./Core/Startup/startup_stm32g070kbtx.o
 .debug_info    0x00007da3      0x8ef ./Drivers/STM32G0xx_HAL_Driver/Src/stm32g0xx_hal.o
 .debug_info    0x00008692      0x8c1 ./Drivers/STM32G0xx_HAL_Driver/Src/stm32g0xx_hal_cortex.o
 .debug_info    0x00008f53      0x86b ./Drivers/STM32G0xx_HAL_Driver/Src/stm32g0xx_hal_dma.o
 .debug_info    0x000097be      0x59d ./Drivers/STM32G0xx_HAL_Driver/Src/stm32g0xx_hal_gpio.o
 .debug_info    0x00009d5b      0x23b ./Drivers/STM32G0xx_HAL_Driver/Src/stm32g0xx_hal_iwdg.o
 .debug_info    0x00009f96      0x496 ./Drivers/STM32G0xx_HAL_Driver/Src/stm32g0xx_hal_pwr_ex.o
 .debug_info    0x0000a42c      0xad4 ./Drivers/STM32G0xx_HAL_Driver/Src/stm32g0xx_hal_rcc.o
 .debug_info    0x0000af00      0x737 ./Drivers/STM32G0xx_HAL_Driver/Src/stm32g0xx_hal_rcc_ex.o
 .debug_info    0x0000b637     0x483c ./Drivers/STM32G0xx_HAL_Driver/Src/stm32g0xx_hal_uart.o
 .debug_info    0x0000fe73      0xf95 ./Drivers/STM32G0xx_HAL_Driver/Src/stm32g0xx_hal_uart_ex.o

.debug_abbrev   0x00000000     0x2bde
 .debug_abbrev  0x00000000      0x3bf ./Core/Src/APP.o
 .debug_abbrev  0x000003bf      0x239 ./Core/Src/COMM.o
 .debug_abbrev  0x000005f8      0x1c8 ./Core/Src/GEN.o
 .debug_abbrev  0x000007c0      0x294 ./Core/Src/GPS.o
 .debug_abbrev  0x00000a54      0x34d ./Core/Src/GSM.o
 .debug_abbrev  0x00000da1      0x168 ./Core/Src/UTL.o
 .debug_abbrev  0x00000f09      0x1f1 ./Core/Src/stm32g0xx_hal_msp.o
 .debug_abbrev  0x000010fa      0x1ce ./Core/Src/stm32g0xx_it.o
 .debug_abbrev  0x000012c8       0xbc ./Core/Src/sysmem.o
 .debug_abbrev  0x00001384      0x119 ./Core/Src/system_stm32g0xx.o
 .debug_abbrev  0x0000149d       0x24 ./Core/Startup/startup_stm32g070kbtx.o
 .debug_abbrev  0x000014c1      0x2b4 ./Drivers/STM32G0xx_HAL_Driver/Src/stm32g0xx_hal.o
 .debug_abbrev  0x00001775      0x2ab ./Drivers/STM32G0xx_HAL_Driver/Src/stm32g0xx_hal_cortex.o
 .debug_abbrev  0x00001a20      0x1e1 ./Drivers/STM32G0xx_HAL_Driver/Src/stm32g0xx_hal_dma.o
 .debug_abbrev  0x00001c01      0x1c3 ./Drivers/STM32G0xx_HAL_Driver/Src/stm32g0xx_hal_gpio.o
 .debug_abbrev  0x00001dc4      0x166 ./Drivers/STM32G0xx_HAL_Driver/Src/stm32g0xx_hal_iwdg.o
 .debug_abbrev  0x00001f2a      0x1d7 ./Drivers/STM32G0xx_HAL_Driver/Src/stm32g0xx_hal_pwr_ex.o
 .debug_abbrev  0x00002101      0x2a9 ./Drivers/STM32G0xx_HAL_Driver/Src/stm32g0xx_hal_rcc.o
 .debug_abbrev  0x000023aa      0x229 ./Drivers/STM32G0xx_HAL_Driver/Src/stm32g0xx_hal_rcc_ex.o
 .debug_abbrev  0x000025d3      0x326 ./Drivers/STM32G0xx_HAL_Driver/Src/stm32g0xx_hal_uart.o
 .debug_abbrev  0x000028f9      0x2e5 ./Drivers/STM32G0xx_HAL_Driver/Src/stm32g0xx_hal_uart_ex.o

.debug_aranges  0x00000000      0xb80
 .debug_aranges
                0x00000000       0x88 ./Core/Src/APP.o
 .debug_aranges
                0x00000088       0x48 ./Core/Src/COMM.o
 .debug_aranges
                0x000000d0       0x30 ./Core/Src/GEN.o
 .debug_aranges
                0x00000100       0x58 ./Core/Src/GPS.o
 .debug_aranges
                0x00000158      0x180 ./Core/Src/GSM.o
 .debug_aranges
                0x000002d8       0x60 ./Core/Src/UTL.o
 .debug_aranges
                0x00000338       0x30 ./Core/Src/stm32g0xx_hal_msp.o
 .debug_aranges
                0x00000368       0x48 ./Core/Src/stm32g0xx_it.o
 .debug_aranges
                0x000003b0       0x20 ./Core/Src/sysmem.o
 .debug_aranges
                0x000003d0       0x28 ./Core/Src/system_stm32g0xx.o
 .debug_aranges
                0x000003f8       0x28 ./Core/Startup/startup_stm32g070kbtx.o
 .debug_aranges
                0x00000420       0xf8 ./Drivers/STM32G0xx_HAL_Driver/Src/stm32g0xx_hal.o
 .debug_aranges
                0x00000518       0xe8 ./Drivers/STM32G0xx_HAL_Driver/Src/stm32g0xx_hal_cortex.o
 .debug_aranges
                0x00000600       0x90 ./Drivers/STM32G0xx_HAL_Driver/Src/stm32g0xx_hal_dma.o
 .debug_aranges
                0x00000690       0x60 ./Drivers/STM32G0xx_HAL_Driver/Src/stm32g0xx_hal_gpio.o
 .debug_aranges
                0x000006f0       0x28 ./Drivers/STM32G0xx_HAL_Driver/Src/stm32g0xx_hal_iwdg.o
 .debug_aranges
                0x00000718       0x98 ./Drivers/STM32G0xx_HAL_Driver/Src/stm32g0xx_hal_pwr_ex.o
 .debug_aranges
                0x000007b0       0xa0 ./Drivers/STM32G0xx_HAL_Driver/Src/stm32g0xx_hal_rcc.o
 .debug_aranges
                0x00000850       0x40 ./Drivers/STM32G0xx_HAL_Driver/Src/stm32g0xx_hal_rcc_ex.o
 .debug_aranges
                0x00000890      0x248 ./Drivers/STM32G0xx_HAL_Driver/Src/stm32g0xx_hal_uart.o
 .debug_aranges
                0x00000ad8       0xa8 ./Drivers/STM32G0xx_HAL_Driver/Src/stm32g0xx_hal_uart_ex.o

.debug_rnglists
                0x00000000      0x8d4
 .debug_rnglists
                0x00000000       0x66 ./Core/Src/APP.o
 .debug_rnglists
                0x00000066       0x35 ./Core/Src/COMM.o
 .debug_rnglists
                0x0000009b       0x21 ./Core/Src/GEN.o
 .debug_rnglists
                0x000000bc       0x40 ./Core/Src/GPS.o
 .debug_rnglists
                0x000000fc      0x135 ./Core/Src/GSM.o
 .debug_rnglists
                0x00000231       0x44 ./Core/Src/UTL.o
 .debug_rnglists
                0x00000275       0x21 ./Core/Src/stm32g0xx_hal_msp.o
 .debug_rnglists
                0x00000296       0x32 ./Core/Src/stm32g0xx_it.o
 .debug_rnglists
                0x000002c8       0x13 ./Core/Src/sysmem.o
 .debug_rnglists
                0x000002db       0x1a ./Core/Src/system_stm32g0xx.o
 .debug_rnglists
                0x000002f5       0x19 ./Core/Startup/startup_stm32g070kbtx.o
 .debug_rnglists
                0x0000030e       0xb6 ./Drivers/STM32G0xx_HAL_Driver/Src/stm32g0xx_hal.o
 .debug_rnglists
                0x000003c4       0xaa ./Drivers/STM32G0xx_HAL_Driver/Src/stm32g0xx_hal_cortex.o
 .debug_rnglists
                0x0000046e       0x72 ./Drivers/STM32G0xx_HAL_Driver/Src/stm32g0xx_hal_dma.o
 .debug_rnglists
                0x000004e0       0x45 ./Drivers/STM32G0xx_HAL_Driver/Src/stm32g0xx_hal_gpio.o
 .debug_rnglists
                0x00000525       0x1a ./Drivers/STM32G0xx_HAL_Driver/Src/stm32g0xx_hal_iwdg.o
 .debug_rnglists
                0x0000053f       0x72 ./Drivers/STM32G0xx_HAL_Driver/Src/stm32g0xx_hal_pwr_ex.o
 .debug_rnglists
                0x000005b1       0x79 ./Drivers/STM32G0xx_HAL_Driver/Src/stm32g0xx_hal_rcc.o
 .debug_rnglists
                0x0000062a       0x2f ./Drivers/STM32G0xx_HAL_Driver/Src/stm32g0xx_hal_rcc_ex.o
 .debug_rnglists
                0x00000659      0x1fb ./Drivers/STM32G0xx_HAL_Driver/Src/stm32g0xx_hal_uart.o
 .debug_rnglists
                0x00000854       0x80 ./Drivers/STM32G0xx_HAL_Driver/Src/stm32g0xx_hal_uart_ex.o

.debug_macro    0x00000000    0x164cc
 .debug_macro   0x00000000      0x34c ./Core/Src/APP.o
 .debug_macro   0x0000034c       0x22 ./Core/Src/APP.o
 .debug_macro   0x0000036e       0x5b ./Core/Src/APP.o
 .debug_macro   0x000003c9       0x24 ./Core/Src/APP.o
 .debug_macro   0x000003ed       0x94 ./Core/Src/APP.o
 .debug_macro   0x00000481       0x43 ./Core/Src/APP.o
 .debug_macro   0x000004c4       0x34 ./Core/Src/APP.o
 .debug_macro   0x000004f8       0x10 ./Core/Src/APP.o
 .debug_macro   0x00000508      0x190 ./Core/Src/APP.o
 .debug_macro   0x00000698       0x57 ./Core/Src/APP.o
 .debug_macro   0x000006ef      0x370 ./Core/Src/APP.o
 .debug_macro   0x00000a5f       0x16 ./Core/Src/APP.o
 .debug_macro   0x00000a75       0x4a ./Core/Src/APP.o
 .debug_macro   0x00000abf       0x34 ./Core/Src/APP.o
 .debug_macro   0x00000af3       0x10 ./Core/Src/APP.o
 .debug_macro   0x00000b03       0x58 ./Core/Src/APP.o
 .debug_macro   0x00000b5b       0x8e ./Core/Src/APP.o
 .debug_macro   0x00000be9       0x1c ./Core/Src/APP.o
 .debug_macro   0x00000c05      0x185 ./Core/Src/APP.o
 .debug_macro   0x00000d8a       0x10 ./Core/Src/APP.o
 .debug_macro   0x00000d9a       0x3c ./Core/Src/APP.o
 .debug_macro   0x00000dd6       0x20 ./Core/Src/APP.o
 .debug_macro   0x00000df6       0x16 ./Core/Src/APP.o
 .debug_macro   0x00000e0c       0x16 ./Core/Src/APP.o
 .debug_macro   0x00000e22       0x29 ./Core/Src/APP.o
 .debug_macro   0x00000e4b       0x2e ./Core/Src/APP.o
 .debug_macro   0x00000e79       0x28 ./Core/Src/APP.o
 .debug_macro   0x00000ea1      0x103 ./Core/Src/APP.o
 .debug_macro   0x00000fa4       0x6a ./Core/Src/APP.o
 .debug_macro   0x0000100e      0x1df ./Core/Src/APP.o
 .debug_macro   0x000011ed       0x1c ./Core/Src/APP.o
 .debug_macro   0x00001209       0x22 ./Core/Src/APP.o
 .debug_macro   0x0000122b       0xd1 ./Core/Src/APP.o
 .debug_macro   0x000012fc      0x4da ./Core/Src/APP.o
 .debug_macro   0x000017d6      0x11f ./Core/Src/APP.o
 .debug_macro   0x000018f5     0xa701 ./Core/Src/APP.o
 .debug_macro   0x0000bff6       0x66 ./Core/Src/APP.o
 .debug_macro   0x0000c05c      0x11d ./Core/Src/APP.o
 .debug_macro   0x0000c179     0x350e ./Core/Src/APP.o
 .debug_macro   0x0000f687       0x56 ./Core/Src/APP.o
 .debug_macro   0x0000f6dd      0x485 ./Core/Src/APP.o
 .debug_macro   0x0000fb62      0xeb4 ./Core/Src/APP.o
 .debug_macro   0x00010a16      0x13e ./Core/Src/APP.o
 .debug_macro   0x00010b54      0x1cf ./Core/Src/APP.o
 .debug_macro   0x00010d23      0x13e ./Core/Src/APP.o
 .debug_macro   0x00010e61      0x3a8 ./Core/Src/APP.o
 .debug_macro   0x00011209      0x280 ./Core/Src/APP.o
 .debug_macro   0x00011489      0x345 ./Core/Src/APP.o
 .debug_macro   0x000117ce      0x198 ./Core/Src/APP.o
 .debug_macro   0x00011966       0x43 ./Core/Src/APP.o
 .debug_macro   0x000119a9      0x1f1 ./Core/Src/APP.o
 .debug_macro   0x00011b9a      0x1d6 ./Core/Src/APP.o
 .debug_macro   0x00011d70      0x2a3 ./Core/Src/APP.o
 .debug_macro   0x00012013       0x28 ./Core/Src/APP.o
 .debug_macro   0x0001203b       0xcf ./Core/Src/APP.o
 .debug_macro   0x0001210a       0x85 ./Core/Src/APP.o
 .debug_macro   0x0001218f      0x118 ./Core/Src/APP.o
 .debug_macro   0x000122a7      0x10d ./Core/Src/APP.o
 .debug_macro   0x000123b4      0x693 ./Core/Src/APP.o
 .debug_macro   0x00012a47       0xa6 ./Core/Src/APP.o
 .debug_macro   0x00012aed      0x43d ./Core/Src/APP.o
 .debug_macro   0x00012f2a       0x3a ./Core/Src/APP.o
 .debug_macro   0x00012f64       0x22 ./Core/Src/APP.o
 .debug_macro   0x00012f86      0x13c ./Core/Src/APP.o
 .debug_macro   0x000130c2       0x22 ./Core/Src/APP.o
 .debug_macro   0x000130e4       0xa0 ./Core/Src/APP.o
 .debug_macro   0x00013184       0x40 ./Core/Src/APP.o
 .debug_macro   0x000131c4       0x22 ./Core/Src/APP.o
 .debug_macro   0x000131e6       0x28 ./Core/Src/APP.o
 .debug_macro   0x0001320e      0x311 ./Core/Src/COMM.o
 .debug_macro   0x0001351f       0x8e ./Core/Src/COMM.o
 .debug_macro   0x000135ad       0x51 ./Core/Src/COMM.o
 .debug_macro   0x000135fe       0x5c ./Core/Src/COMM.o
 .debug_macro   0x0001365a       0x34 ./Core/Src/COMM.o
 .debug_macro   0x0001368e       0x9a ./Core/Src/COMM.o
 .debug_macro   0x00013728       0x40 ./Core/Src/COMM.o
 .debug_macro   0x00013768       0x61 ./Core/Src/COMM.o
 .debug_macro   0x000137c9      0x360 ./Core/Src/GEN.o
 .debug_macro   0x00013b29       0x16 ./Core/Src/GEN.o
 .debug_macro   0x00013b3f       0x10 ./Core/Src/GEN.o
 .debug_macro   0x00013b4f       0x16 ./Core/Src/GEN.o
 .debug_macro   0x00013b65       0x16 ./Core/Src/GEN.o
 .debug_macro   0x00013b7b      0x146 ./Core/Src/GEN.o
 .debug_macro   0x00013cc1       0x16 ./Core/Src/GEN.o
 .debug_macro   0x00013cd7      0x353 ./Core/Src/GPS.o
 .debug_macro   0x0001402a       0x1c ./Core/Src/GPS.o
 .debug_macro   0x00014046       0x1c ./Core/Src/GPS.o
 .debug_macro   0x00014062       0x1c ./Core/Src/GPS.o
 .debug_macro   0x0001407e      0x35e ./Core/Src/GSM.o
 .debug_macro   0x000143dc       0xa0 ./Core/Src/GSM.o
 .debug_macro   0x0001447c       0x22 ./Core/Src/GSM.o
 .debug_macro   0x0001449e       0x3a ./Core/Src/GSM.o
 .debug_macro   0x000144d8      0x329 ./Core/Src/UTL.o
 .debug_macro   0x00014801       0x46 ./Core/Src/UTL.o
 .debug_macro   0x00014847      0x1e4 ./Core/Src/stm32g0xx_hal_msp.o
 .debug_macro   0x00014a2b      0x23a ./Core/Src/stm32g0xx_it.o
 .debug_macro   0x00014c65       0x1c ./Core/Src/stm32g0xx_it.o
 .debug_macro   0x00014c81      0x112 ./Core/Src/sysmem.o
 .debug_macro   0x00014d93      0x23c ./Core/Src/sysmem.o
 .debug_macro   0x00014fcf      0x1d5 ./Core/Src/system_stm32g0xx.o
 .debug_macro   0x000151a4      0x1f3 ./Drivers/STM32G0xx_HAL_Driver/Src/stm32g0xx_hal.o
 .debug_macro   0x00015397      0x1d5 ./Drivers/STM32G0xx_HAL_Driver/Src/stm32g0xx_hal_cortex.o
 .debug_macro   0x0001556c      0x1d5 ./Drivers/STM32G0xx_HAL_Driver/Src/stm32g0xx_hal_dma.o
 .debug_macro   0x00015741      0x1dc ./Drivers/STM32G0xx_HAL_Driver/Src/stm32g0xx_hal_gpio.o
 .debug_macro   0x0001591d      0x1e3 ./Drivers/STM32G0xx_HAL_Driver/Src/stm32g0xx_hal_iwdg.o
 .debug_macro   0x00015b00      0x1e7 ./Drivers/STM32G0xx_HAL_Driver/Src/stm32g0xx_hal_pwr_ex.o
 .debug_macro   0x00015ce7      0x217 ./Drivers/STM32G0xx_HAL_Driver/Src/stm32g0xx_hal_rcc.o
 .debug_macro   0x00015efe      0x1ed ./Drivers/STM32G0xx_HAL_Driver/Src/stm32g0xx_hal_rcc_ex.o
 .debug_macro   0x000160eb      0x200 ./Drivers/STM32G0xx_HAL_Driver/Src/stm32g0xx_hal_uart.o
 .debug_macro   0x000162eb      0x1e1 ./Drivers/STM32G0xx_HAL_Driver/Src/stm32g0xx_hal_uart_ex.o

.debug_line     0x00000000    0x10cce
 .debug_line    0x00000000      0xc87 ./Core/Src/APP.o
 .debug_line    0x00000c87      0xac3 ./Core/Src/COMM.o
 .debug_line    0x0000174a      0x9ba ./Core/Src/GEN.o
 .debug_line    0x00002104      0xbac ./Core/Src/GPS.o
 .debug_line    0x00002cb0     0x168a ./Core/Src/GSM.o
 .debug_line    0x0000433a      0xadd ./Core/Src/UTL.o
 .debug_line    0x00004e17      0x854 ./Core/Src/stm32g0xx_hal_msp.o
 .debug_line    0x0000566b      0x86f ./Core/Src/stm32g0xx_it.o
 .debug_line    0x00005eda      0x592 ./Core/Src/sysmem.o
 .debug_line    0x0000646c      0x7eb ./Core/Src/system_stm32g0xx.o
 .debug_line    0x00006c57       0x7b ./Core/Startup/startup_stm32g070kbtx.o
 .debug_line    0x00006cd2      0xa96 ./Drivers/STM32G0xx_HAL_Driver/Src/stm32g0xx_hal.o
 .debug_line    0x00007768      0xbc6 ./Drivers/STM32G0xx_HAL_Driver/Src/stm32g0xx_hal_cortex.o
 .debug_line    0x0000832e      0xdad ./Drivers/STM32G0xx_HAL_Driver/Src/stm32g0xx_hal_dma.o
 .debug_line    0x000090db      0xb82 ./Drivers/STM32G0xx_HAL_Driver/Src/stm32g0xx_hal_gpio.o
 .debug_line    0x00009c5d      0x80c ./Drivers/STM32G0xx_HAL_Driver/Src/stm32g0xx_hal_iwdg.o
 .debug_line    0x0000a469      0x9bc ./Drivers/STM32G0xx_HAL_Driver/Src/stm32g0xx_hal_pwr_ex.o
 .debug_line    0x0000ae25      0xfec ./Drivers/STM32G0xx_HAL_Driver/Src/stm32g0xx_hal_rcc.o
 .debug_line    0x0000be11      0xb6f ./Drivers/STM32G0xx_HAL_Driver/Src/stm32g0xx_hal_rcc_ex.o
 .debug_line    0x0000c980     0x3604 ./Drivers/STM32G0xx_HAL_Driver/Src/stm32g0xx_hal_uart.o
 .debug_line    0x0000ff84      0xd4a ./Drivers/STM32G0xx_HAL_Driver/Src/stm32g0xx_hal_uart_ex.o

.debug_str      0x00000000    0x8787d
 .debug_str     0x00000000    0x8787d ./Core/Src/APP.o
                              0x83ca8 (size before relaxing)
 .debug_str     0x0008787d        0x0 ./Core/Src/COMM.o
                              0x82402 (size before relaxing)
 .debug_str     0x0008787d        0x0 ./Core/Src/GEN.o
                              0x82e48 (size before relaxing)
 .debug_str     0x0008787d        0x0 ./Core/Src/GPS.o
                              0x83a66 (size before relaxing)
 .debug_str     0x0008787d        0x0 ./Core/Src/GSM.o
                              0x84894 (size before relaxing)
 .debug_str     0x0008787d        0x0 ./Core/Src/UTL.o
                              0x81ef2 (size before relaxing)
 .debug_str     0x0008787d        0x0 ./Core/Src/stm32g0xx_hal_msp.o
                              0x7ee60 (size before relaxing)
 .debug_str     0x0008787d        0x0 ./Core/Src/stm32g0xx_it.o
                              0x7f911 (size before relaxing)
 .debug_str     0x0008787d        0x0 ./Core/Src/sysmem.o
                               0x7684 (size before relaxing)
 .debug_str     0x0008787d        0x0 ./Core/Src/system_stm32g0xx.o
                              0x7e4c6 (size before relaxing)
 .debug_str     0x0008787d        0x0 ./Core/Startup/startup_stm32g070kbtx.o
                                 0x8a (size before relaxing)
 .debug_str     0x0008787d        0x0 ./Drivers/STM32G0xx_HAL_Driver/Src/stm32g0xx_hal.o
                              0x7eb68 (size before relaxing)
 .debug_str     0x0008787d        0x0 ./Drivers/STM32G0xx_HAL_Driver/Src/stm32g0xx_hal_cortex.o
                              0x7e945 (size before relaxing)
 .debug_str     0x0008787d        0x0 ./Drivers/STM32G0xx_HAL_Driver/Src/stm32g0xx_hal_dma.o
                              0x7e960 (size before relaxing)
 .debug_str     0x0008787d        0x0 ./Drivers/STM32G0xx_HAL_Driver/Src/stm32g0xx_hal_gpio.o
                              0x7e5fb (size before relaxing)
 .debug_str     0x0008787d        0x0 ./Drivers/STM32G0xx_HAL_Driver/Src/stm32g0xx_hal_iwdg.o
                              0x7e52c (size before relaxing)
 .debug_str     0x0008787d        0x0 ./Drivers/STM32G0xx_HAL_Driver/Src/stm32g0xx_hal_pwr_ex.o
                              0x7e71a (size before relaxing)
 .debug_str     0x0008787d        0x0 ./Drivers/STM32G0xx_HAL_Driver/Src/stm32g0xx_hal_rcc.o
                              0x7ebea (size before relaxing)
 .debug_str     0x0008787d        0x0 ./Drivers/STM32G0xx_HAL_Driver/Src/stm32g0xx_hal_rcc_ex.o
                              0x7e817 (size before relaxing)
 .debug_str     0x0008787d        0x0 ./Drivers/STM32G0xx_HAL_Driver/Src/stm32g0xx_hal_uart.o
                              0x7f491 (size before relaxing)
 .debug_str     0x0008787d        0x0 ./Drivers/STM32G0xx_HAL_Driver/Src/stm32g0xx_hal_uart_ex.o
                              0x7ed50 (size before relaxing)

.comment        0x00000000       0x43
 .comment       0x00000000       0x43 ./Core/Src/APP.o
                                 0x44 (size before relaxing)
 .comment       0x00000043        0x0 ./Core/Src/COMM.o
                                 0x44 (size before relaxing)
 .comment       0x00000043        0x0 ./Core/Src/GEN.o
                                 0x44 (size before relaxing)
 .comment       0x00000043        0x0 ./Core/Src/GPS.o
                                 0x44 (size before relaxing)
 .comment       0x00000043        0x0 ./Core/Src/GSM.o
                                 0x44 (size before relaxing)
 .comment       0x00000043        0x0 ./Core/Src/UTL.o
                                 0x44 (size before relaxing)
 .comment       0x00000043        0x0 ./Core/Src/stm32g0xx_hal_msp.o
                                 0x44 (size before relaxing)
 .comment       0x00000043        0x0 ./Core/Src/stm32g0xx_it.o
                                 0x44 (size before relaxing)
 .comment       0x00000043        0x0 ./Core/Src/sysmem.o
                                 0x44 (size before relaxing)
 .comment       0x00000043        0x0 ./Core/Src/system_stm32g0xx.o
                                 0x44 (size before relaxing)
 .comment       0x00000043        0x0 ./Drivers/STM32G0xx_HAL_Driver/Src/stm32g0xx_hal.o
                                 0x44 (size before relaxing)
 .comment       0x00000043        0x0 ./Drivers/STM32G0xx_HAL_Driver/Src/stm32g0xx_hal_cortex.o
                                 0x44 (size before relaxing)
 .comment       0x00000043        0x0 ./Drivers/STM32G0xx_HAL_Driver/Src/stm32g0xx_hal_dma.o
                                 0x44 (size before relaxing)
 .comment       0x00000043        0x0 ./Drivers/STM32G0xx_HAL_Driver/Src/stm32g0xx_hal_gpio.o
                                 0x44 (size before relaxing)
 .comment       0x00000043        0x0 ./Drivers/STM32G0xx_HAL_Driver/Src/stm32g0xx_hal_iwdg.o
                                 0x44 (size before relaxing)
 .comment       0x00000043        0x0 ./Drivers/STM32G0xx_HAL_Driver/Src/stm32g0xx_hal_pwr_ex.o
                                 0x44 (size before relaxing)
 .comment       0x00000043        0x0 ./Drivers/STM32G0xx_HAL_Driver/Src/stm32g0xx_hal_rcc.o
                                 0x44 (size before relaxing)
 .comment       0x00000043        0x0 ./Drivers/STM32G0xx_HAL_Driver/Src/stm32g0xx_hal_rcc_ex.o
                                 0x44 (size before relaxing)
 .comment       0x00000043        0x0 ./Drivers/STM32G0xx_HAL_Driver/Src/stm32g0xx_hal_uart.o
                                 0x44 (size before relaxing)
 .comment       0x00000043        0x0 ./Drivers/STM32G0xx_HAL_Driver/Src/stm32g0xx_hal_uart_ex.o
                                 0x44 (size before relaxing)

.debug_frame    0x00000000     0x2d38
 .debug_frame   0x00000000      0x1a8 ./Core/Src/APP.o
 .debug_frame   0x000001a8       0xc8 ./Core/Src/COMM.o
 .debug_frame   0x00000270       0x6c ./Core/Src/GEN.o
 .debug_frame   0x000002dc      0x110 ./Core/Src/GPS.o
 .debug_frame   0x000003ec      0x5fc ./Core/Src/GSM.o
 .debug_frame   0x000009e8      0x130 ./Core/Src/UTL.o
 .debug_frame   0x00000b18       0x70 ./Core/Src/stm32g0xx_hal_msp.o
 .debug_frame   0x00000b88       0xbc ./Core/Src/stm32g0xx_it.o
 .debug_frame   0x00000c44       0x30 ./Core/Src/sysmem.o
 .debug_frame   0x00000c74       0x4c ./Core/Src/system_stm32g0xx.o
 .debug_frame   0x00000cc0      0x340 ./Drivers/STM32G0xx_HAL_Driver/Src/stm32g0xx_hal.o
 .debug_frame   0x00001000      0x33c ./Drivers/STM32G0xx_HAL_Driver/Src/stm32g0xx_hal_cortex.o
 .debug_frame   0x0000133c      0x1f0 ./Drivers/STM32G0xx_HAL_Driver/Src/stm32g0xx_hal_dma.o
 .debug_frame   0x0000152c      0x130 ./Drivers/STM32G0xx_HAL_Driver/Src/stm32g0xx_hal_gpio.o
 .debug_frame   0x0000165c       0x50 ./Drivers/STM32G0xx_HAL_Driver/Src/stm32g0xx_hal_iwdg.o
 .debug_frame   0x000016ac      0x1f4 ./Drivers/STM32G0xx_HAL_Driver/Src/stm32g0xx_hal_pwr_ex.o
 .debug_frame   0x000018a0      0x214 ./Drivers/STM32G0xx_HAL_Driver/Src/stm32g0xx_hal_rcc.o
 .debug_frame   0x00001ab4       0xb0 ./Drivers/STM32G0xx_HAL_Driver/Src/stm32g0xx_hal_rcc_ex.o
 .debug_frame   0x00001b64      0x8d4 ./Drivers/STM32G0xx_HAL_Driver/Src/stm32g0xx_hal_uart.o
 .debug_frame   0x00002438      0x258 ./Drivers/STM32G0xx_HAL_Driver/Src/stm32g0xx_hal_uart_ex.o
 .debug_frame   0x00002690       0x40 C:/ST/STM32CubeIDE_1.18.1/STM32CubeIDE/plugins/com.st.stm32cube.ide.mcu.externaltools.gnu-tools-for-stm32.13.3.rel1.win32_1.0.100.202509120712/tools/bin/../lib/gcc/arm-none-eabi/13.3.1/../../../../arm-none-eabi/lib/thumb/v6-m/nofp\libc_nano.a(libc_a-atoi.o)
 .debug_frame   0x000026d0       0x78 C:/ST/STM32CubeIDE_1.18.1/STM32CubeIDE/plugins/com.st.stm32cube.ide.mcu.externaltools.gnu-tools-for-stm32.13.3.rel1.win32_1.0.100.202509120712/tools/bin/../lib/gcc/arm-none-eabi/13.3.1/../../../../arm-none-eabi/lib/thumb/v6-m/nofp\libc_nano.a(libc_a-strtol.o)
 .debug_frame   0x00002748      0x138 C:/ST/STM32CubeIDE_1.18.1/STM32CubeIDE/plugins/com.st.stm32cube.ide.mcu.externaltools.gnu-tools-for-stm32.13.3.rel1.win32_1.0.100.202509120712/tools/bin/../lib/gcc/arm-none-eabi/13.3.1/../../../../arm-none-eabi/lib/thumb/v6-m/nofp\libc_nano.a(libc_a-findfp.o)
 .debug_frame   0x00002880       0x50 C:/ST/STM32CubeIDE_1.18.1/STM32CubeIDE/plugins/com.st.stm32cube.ide.mcu.externaltools.gnu-tools-for-stm32.13.3.rel1.win32_1.0.100.202509120712/tools/bin/../lib/gcc/arm-none-eabi/13.3.1/../../../../arm-none-eabi/lib/thumb/v6-m/nofp\libc_nano.a(libc_a-sprintf.o)
 .debug_frame   0x000028d0       0x20 C:/ST/STM32CubeIDE_1.18.1/STM32CubeIDE/plugins/com.st.stm32cube.ide.mcu.externaltools.gnu-tools-for-stm32.13.3.rel1.win32_1.0.100.202509120712/tools/bin/../lib/gcc/arm-none-eabi/13.3.1/../../../../arm-none-eabi/lib/thumb/v6-m/nofp\libc_nano.a(libc_a-memset.o)
 .debug_frame   0x000028f0       0x20 C:/ST/STM32CubeIDE_1.18.1/STM32CubeIDE/plugins/com.st.stm32cube.ide.mcu.externaltools.gnu-tools-for-stm32.13.3.rel1.win32_1.0.100.202509120712/tools/bin/../lib/gcc/arm-none-eabi/13.3.1/../../../../arm-none-eabi/lib/thumb/v6-m/nofp\libc_nano.a(libc_a-strchr.o)
 .debug_frame   0x00002910       0x2c C:/ST/STM32CubeIDE_1.18.1/STM32CubeIDE/plugins/com.st.stm32cube.ide.mcu.externaltools.gnu-tools-for-stm32.13.3.rel1.win32_1.0.100.202509120712/tools/bin/../lib/gcc/arm-none-eabi/13.3.1/../../../../arm-none-eabi/lib/thumb/v6-m/nofp\libc_nano.a(libc_a-strstr.o)
 .debug_frame   0x0000293c       0x2c C:/ST/STM32CubeIDE_1.18.1/STM32CubeIDE/plugins/com.st.stm32cube.ide.mcu.externaltools.gnu-tools-for-stm32.13.3.rel1.win32_1.0.100.202509120712/tools/bin/../lib/gcc/arm-none-eabi/13.3.1/../../../../arm-none-eabi/lib/thumb/v6-m/nofp\libc_nano.a(libc_a-reent.o)
 .debug_frame   0x00002968       0x20 C:/ST/STM32CubeIDE_1.18.1/STM32CubeIDE/plugins/com.st.stm32cube.ide.mcu.externaltools.gnu-tools-for-stm32.13.3.rel1.win32_1.0.100.202509120712/tools/bin/../lib/gcc/arm-none-eabi/13.3.1/../../../../arm-none-eabi/lib/thumb/v6-m/nofp\libc_nano.a(libc_a-errno.o)
 .debug_frame   0x00002988       0x2c C:/ST/STM32CubeIDE_1.18.1/STM32CubeIDE/plugins/com.st.stm32cube.ide.mcu.externaltools.gnu-tools-for-stm32.13.3.rel1.win32_1.0.100.202509120712/tools/bin/../lib/gcc/arm-none-eabi/13.3.1/../../../../arm-none-eabi/lib/thumb/v6-m/nofp\libc_nano.a(libc_a-init.o)
 .debug_frame   0x000029b4       0xb0 C:/ST/STM32CubeIDE_1.18.1/STM32CubeIDE/plugins/com.st.stm32cube.ide.mcu.externaltools.gnu-tools-for-stm32.13.3.rel1.win32_1.0.100.202509120712/tools/bin/../lib/gcc/arm-none-eabi/13.3.1/../../../../arm-none-eabi/lib/thumb/v6-m/nofp\libc_nano.a(libc_a-lock.o)
 .debug_frame   0x00002a64       0x20 C:/ST/STM32CubeIDE_1.18.1/STM32CubeIDE/plugins/com.st.stm32cube.ide.mcu.externaltools.gnu-tools-for-stm32.13.3.rel1.win32_1.0.100.202509120712/tools/bin/../lib/gcc/arm-none-eabi/13.3.1/../../../../arm-none-eabi/lib/thumb/v6-m/nofp\libc_nano.a(libc_a-strcpy.o)
 .debug_frame   0x00002a84       0x28 C:/ST/STM32CubeIDE_1.18.1/STM32CubeIDE/plugins/com.st.stm32cube.ide.mcu.externaltools.gnu-tools-for-stm32.13.3.rel1.win32_1.0.100.202509120712/tools/bin/../lib/gcc/arm-none-eabi/13.3.1/../../../../arm-none-eabi/lib/thumb/v6-m/nofp\libc_nano.a(libc_a-memcpy-stub.o)
 .debug_frame   0x00002aac       0x2c C:/ST/STM32CubeIDE_1.18.1/STM32CubeIDE/plugins/com.st.stm32cube.ide.mcu.externaltools.gnu-tools-for-stm32.13.3.rel1.win32_1.0.100.202509120712/tools/bin/../lib/gcc/arm-none-eabi/13.3.1/../../../../arm-none-eabi/lib/thumb/v6-m/nofp\libc_nano.a(libc_a-freer.o)