../Core/Src/GSM.c:152:6:vGSM_eInit	40	static
../Core/Src/GSM.c:249:6:bGSM_eGetIMEINum_Exe	48	static
../Core/Src/GSM.c:315:6:bGSM_eGetICCIDNum_Exe	48	static
../Core/Src/GSM.c:386:9:ucGSM_eProcessATCmdWithCmdNum_Exe	48	static
../Core/Src/GSM.c:396:9:ucGSM_eProcessATCmdWithCmdPtr_Exe	48	static
../Core/Src/GSM.c:404:9:ucGSM_eProcessATCmd_Exe	48	static
../Core/Src/GSM.c:453:6:bGSM_eWait4RespOrTimeOut_Exe	24	static
../Core/Src/GSM.c:500:9:ucGSM_eCompareStringInGSMBuff_Exe	32	static
../Core/Src/GSM.c:588:6:vGSM_eStartGSM_Exe	24	static
../Core/Src/GSM.c:626:9:ucGSM_eCheckATResponse_Exe	24	static
../Core/Src/GSM.c:659:6:vGSM_ePWRKeyStartGSM_Exe	8	static
../Core/Src/GSM.c:688:6:vGSM_eResetGSM_Exe	8	static
../Core/Src/GSM.c:710:6:vGSM_eDisableGPRS_Exe	88	static
../Core/Src/GSM.c:736:6:vGSM_eCloseSocket_Exe	88	static
../Core/Src/GSM.c:779:9:ucGSM_eProcessATCmdDualRespWithPtr_Exe	56	static
../Core/Src/GSM.c:787:9:ucGSM_eProcessATCmdDualRespWithCmdNum_Exe	56	static
../Core/Src/GSM.c:797:9:ucGSM_eProcessATCmdDualResp_Exe	48	static
../Core/Src/GSM.c:891:9:ucGSM_eWait4RespOrTimeOutDualResp_Exe	32	static
../Core/Src/GSM.c:948:6:vGSM_eInitaliseGSM_Exe	8	static
../Core/Src/GSM.c:975:6:vGSM_eInitialSetup_Exe	24	static
../Core/Src/GSM.c:1005:6:vGSM_eRegisterAndSetModule_Exe	24	static
../Core/Src/GSM.c:1063:6:vGSM_eReadSIMInsertStatus_Exe	40	static
../Core/Src/GSM.c:1101:9:ucGSM_eReadSignalStrength_Exe	56	static
../Core/Src/GSM.c:1175:6:bGSM_eNetworkSetup_Exe	24	static
../Core/Src/GSM.c:1268:6:bGSM_eReadNetworkRegStatus_Exe	56	static
../Core/Src/GSM.c:1336:6:vGSM_eReadNetworkInfo_Exe	40	static
../Core/Src/GSM.c:1392:6:bGSM_eCheckAPNSetting_Exe	96	static
../Core/Src/GSM.c:1434:6:vGSM_eSetAPN_Exe	88	static
../Core/Src/GSM.c:1459:6:vGSM_eUpdateTimeZoneAndRTC_Exe	8	static
../Core/Src/GSM.c:1483:9:ucGSM_eReadRTC_Exe	40	static
../Core/Src/GSM.c:1589:6:vGSM_eEnableGPRS_Exe	88	static
../Core/Src/GSM.c:1617:6:vGSM_eReadGPRSStatus_Exe	48	static
../Core/Src/GSM.c:1640:6:vGSM_eReStartGSM_Exe	16	static
../Core/Src/GSM.c:1721:6:vGSM_eSoftOFFGSM_Exe	8	static
../Core/Src/GSM.c:1743:6:vGSM_eWakeGSMModule_Exe	16	static
../Core/Src/GSM.c:1780:6:bGSM_eCheckAndMakeSocket_Exe	24	static
../Core/Src/GSM.c:1837:6:bGSM_eSendDataOnSocket_Exe	64	static
../Core/Src/GSM.c:1892:6:bGSM_eReadSocketStatus_Exe	96	static
../Core/Src/GSM.c:1942:6:bGSM_eMakeSocket_Exe	144	static
../Core/Src/GSM.c:1995:6:bGSM_eCheckPendingSMSFromSIM_Exe	40	static
../Core/Src/GSM.c:2013:6:bGSM_eCheckPendingSMSFromME_Exe	40	static
../Core/Src/GSM.c:2133:6:bGSM_eGetPendingSMS_Exe	32	static
../Core/Src/GSM.c:2234:9:ucGSM_eReadSMS_Exe	168	static
../Core/Src/GSM.c:2337:6:bGSM_eDeleteSMS_Exe	88	static
../Core/Src/GSM.c:2376:6:bGSM_eSendSMS_Exe	232	static
